Component: ARM Compiler 5.06 update 6 (build 750) Tool: armlink [4d35ed]

==============================================================================

Section Cross References

    startup_stm32f10x_hd.o(STACK) refers (Special) to heapauxi.o(.text) for __use_two_region_memory
    startup_stm32f10x_hd.o(HEAP) refers (Special) to heapauxi.o(.text) for __use_two_region_memory
    startup_stm32f10x_hd.o(RESET) refers (Special) to heapauxi.o(.text) for __use_two_region_memory
    startup_stm32f10x_hd.o(RESET) refers to startup_stm32f10x_hd.o(STACK) for __initial_sp
    startup_stm32f10x_hd.o(RESET) refers to startup_stm32f10x_hd.o(.text) for Reset_Handler
    startup_stm32f10x_hd.o(RESET) refers to stm32f10x_it.o(i.NMI_Handler) for NMI_Handler
    startup_stm32f10x_hd.o(RESET) refers to stm32f10x_it.o(i.HardFault_Handler) for HardFault_Handler
    startup_stm32f10x_hd.o(RESET) refers to stm32f10x_it.o(i.MemManage_Handler) for MemManage_Handler
    startup_stm32f10x_hd.o(RESET) refers to stm32f10x_it.o(i.BusFault_Handler) for BusFault_Handler
    startup_stm32f10x_hd.o(RESET) refers to stm32f10x_it.o(i.UsageFault_Handler) for UsageFault_Handler
    startup_stm32f10x_hd.o(RESET) refers to stm32f10x_it.o(i.SVC_Handler) for SVC_Handler
    startup_stm32f10x_hd.o(RESET) refers to stm32f10x_it.o(i.DebugMon_Handler) for DebugMon_Handler
    startup_stm32f10x_hd.o(RESET) refers to stm32f10x_it.o(i.PendSV_Handler) for PendSV_Handler
    startup_stm32f10x_hd.o(RESET) refers to stm32f10x_it.o(i.SysTick_Handler) for SysTick_Handler
    startup_stm32f10x_hd.o(RESET) refers to stm32f10x_it.o(i.EXTI0_IRQHandler) for EXTI0_IRQHandler
    startup_stm32f10x_hd.o(RESET) refers to stm32f10x_it.o(i.EXTI2_IRQHandler) for EXTI2_IRQHandler
    startup_stm32f10x_hd.o(RESET) refers to stm32f10x_it.o(i.EXTI3_IRQHandler) for EXTI3_IRQHandler
    startup_stm32f10x_hd.o(RESET) refers to stm32f10x_it.o(i.EXTI4_IRQHandler) for EXTI4_IRQHandler
    startup_stm32f10x_hd.o(RESET) refers to stm32f10x_it.o(i.TIM2_IRQHandler) for TIM2_IRQHandler
    startup_stm32f10x_hd.o(RESET) refers to stm32f10x_it.o(i.USART1_IRQHandler) for USART1_IRQHandler
    startup_stm32f10x_hd.o(.text) refers (Special) to heapauxi.o(.text) for __use_two_region_memory
    startup_stm32f10x_hd.o(.text) refers to system_stm32f10x.o(i.SystemInit) for SystemInit
    startup_stm32f10x_hd.o(.text) refers to __main.o(!!!main) for __main
    startup_stm32f10x_hd.o(.text) refers to startup_stm32f10x_hd.o(HEAP) for Heap_Mem
    startup_stm32f10x_hd.o(.text) refers to startup_stm32f10x_hd.o(STACK) for Stack_Mem
    system_stm32f10x.o(i.SetSysClock) refers to system_stm32f10x.o(i.SetSysClockTo72) for SetSysClockTo72
    system_stm32f10x.o(i.SystemCoreClockUpdate) refers to system_stm32f10x.o(.data) for SystemCoreClock
    system_stm32f10x.o(i.SystemInit) refers to system_stm32f10x.o(i.SetSysClock) for SetSysClock
    stm32f10x_adc.o(i.ADC_DeInit) refers to stm32f10x_rcc.o(i.RCC_APB2PeriphResetCmd) for RCC_APB2PeriphResetCmd
    stm32f10x_bkp.o(i.BKP_DeInit) refers to stm32f10x_rcc.o(i.RCC_BackupResetCmd) for RCC_BackupResetCmd
    stm32f10x_can.o(i.CAN_DeInit) refers to stm32f10x_rcc.o(i.RCC_APB1PeriphResetCmd) for RCC_APB1PeriphResetCmd
    stm32f10x_can.o(i.CAN_GetITStatus) refers to stm32f10x_can.o(i.CheckITStatus) for CheckITStatus
    stm32f10x_cec.o(i.CEC_DeInit) refers to stm32f10x_rcc.o(i.RCC_APB1PeriphResetCmd) for RCC_APB1PeriphResetCmd
    stm32f10x_dac.o(i.DAC_DeInit) refers to stm32f10x_rcc.o(i.RCC_APB1PeriphResetCmd) for RCC_APB1PeriphResetCmd
    stm32f10x_flash.o(i.FLASH_EnableWriteProtection) refers to stm32f10x_flash.o(i.FLASH_WaitForLastOperation) for FLASH_WaitForLastOperation
    stm32f10x_flash.o(i.FLASH_EraseAllBank1Pages) refers to stm32f10x_flash.o(i.FLASH_WaitForLastBank1Operation) for FLASH_WaitForLastBank1Operation
    stm32f10x_flash.o(i.FLASH_EraseAllPages) refers to stm32f10x_flash.o(i.FLASH_WaitForLastOperation) for FLASH_WaitForLastOperation
    stm32f10x_flash.o(i.FLASH_EraseOptionBytes) refers to stm32f10x_flash.o(i.FLASH_GetReadOutProtectionStatus) for FLASH_GetReadOutProtectionStatus
    stm32f10x_flash.o(i.FLASH_EraseOptionBytes) refers to stm32f10x_flash.o(i.FLASH_WaitForLastOperation) for FLASH_WaitForLastOperation
    stm32f10x_flash.o(i.FLASH_ErasePage) refers to stm32f10x_flash.o(i.FLASH_WaitForLastOperation) for FLASH_WaitForLastOperation
    stm32f10x_flash.o(i.FLASH_ProgramHalfWord) refers to stm32f10x_flash.o(i.FLASH_WaitForLastOperation) for FLASH_WaitForLastOperation
    stm32f10x_flash.o(i.FLASH_ProgramOptionByteData) refers to stm32f10x_flash.o(i.FLASH_WaitForLastOperation) for FLASH_WaitForLastOperation
    stm32f10x_flash.o(i.FLASH_ProgramWord) refers to stm32f10x_flash.o(i.FLASH_WaitForLastOperation) for FLASH_WaitForLastOperation
    stm32f10x_flash.o(i.FLASH_ReadOutProtection) refers to stm32f10x_flash.o(i.FLASH_WaitForLastOperation) for FLASH_WaitForLastOperation
[...]
    ..\User\Port\porttimer.c                 0x00000000   Number         0  porttimer.o ABSOLUTE
    ..\User\TIM\time.c                       0x00000000   Number         0  time.o ABSOLUTE
    ..\User\adc\adc.c                        0x00000000   Number         0  adc.o ABSOLUTE
    ..\User\dac\dac.c                        0x00000000   Number         0  dac.o ABSOLUTE
    ..\User\dma\dma.c                        0x00000000   Number         0  dma.o ABSOLUTE
    ..\User\main.c                           0x00000000   Number         0  main.o ABSOLUTE
    ..\User\myrtu\myrtu.c                    0x00000000   Number         0  myrtu.o ABSOLUTE
    ..\User\nvic\nvic.c                      0x00000000   Number         0  nvic.o ABSOLUTE
    ..\User\stm32f10x_it.c                   0x00000000   Number         0  stm32f10x_it.o ABSOLUTE
    ..\User\usart\usart.c                    0x00000000   Number         0  usart.o ABSOLUTE
    ..\\Libraries\\CMSIS\\core_cm3.c         0x00000000   Number         0  core_cm3.o ABSOLUTE
    dc.s                                     0x00000000   Number         0  dc.o ABSOLUTE
    RESET                                    0x08000000   Section      304  startup_stm32f10x_hd.o(RESET)
    !!!main                                  0x08000130   Section        8  __main.o(!!!main)
    !!!scatter                               0x08000138   Section       52  __scatter.o(!!!scatter)
    !!dczerorl2                              0x0800016c   Section       90  __dczerorl2.o(!!dczerorl2)
    !!handler_zi                             0x080001c8   Section       28  __scatter_zi.o(!!handler_zi)
    .ARM.Collect$$libinit$$00000000          0x080001e4   Section        2  libinit.o(.ARM.Collect$$libinit$$00000000)
    .ARM.Collect$$libinit$$00000002          0x080001e6   Section        0  libinit2.o(.ARM.Collect$$libinit$$00000002)
    .ARM.Collect$$libinit$$00000004          0x080001e6   Section        0  libinit2.o(.ARM.Collect$$libinit$$00000004)
    .ARM.Collect$$libinit$$0000000A          0x080001e6   Section        0  libinit2.o(.ARM.Collect$$libinit$$0000000A)
    .ARM.Collect$$libinit$$0000000C          0x080001e6   Section        0  libinit2.o(.ARM.Collect$$libinit$$0000000C)
    .ARM.Collect$$libinit$$0000000E          0x080001e6   Section        0  libinit2.o(.ARM.Collect$$libinit$$0000000E)
    .ARM.Collect$$libinit$$00000011          0x080001e6   Section        0  libinit2.o(.ARM.Collect$$libinit$$00000011)
    .ARM.Collect$$libinit$$00000013          0x080001e6   Section        0  libinit2.o(.ARM.Collect$$libinit$$00000013)
    .ARM.Collect$$libinit$$00000015          0x080001e6   Section        0  libinit2.o(.ARM.Collect$$libinit$$00000015)
    .ARM.Collect$$libinit$$00000017          0x080001e6   Section        0  libinit2.o(.ARM.Collect$$libinit$$00000017)
    .ARM.Collect$$libinit$$00000019          0x080001e6   Section        0  libinit2.o(.ARM.Collect$$libinit$$00000019)
    .ARM.Collect$$libinit$$0000001B          0x080001e6   Section        0  libinit2.o(.ARM.Collect$$libinit$$0000001B)
    .ARM.Collect$$libinit$$0000001D          0x080001e6   Section        0  libinit2.o(.ARM.Collect$$libinit$$0000001D)
    .ARM.Collect$$libinit$$0000001F          0x080001e6   Section        0  libinit2.o(.ARM.Collect$$libinit$$0000001F)
    .ARM.Collect$$libinit$$00000021          0x080001e6   Section        0  libinit2.o(.ARM.Collect$$libinit$$00000021)
    .ARM.Collect$$libinit$$00000023          0x080001e6   Section        0  libinit2.o(.ARM.Collect$$libinit$$00000023)
    .ARM.Collect$$libinit$$00000025          0x080001e6   Section        0  libinit2.o(.ARM.Collect$$libinit$$00000025)
    .ARM.Collect$$libinit$$0000002C          0x080001e6   Section        0  libinit2.o(.ARM.Collect$$libinit$$0000002C)
    .ARM.Collect$$libinit$$0000002E          0x080001e6   Section        0  libinit2.o(.ARM.Collect$$libinit$$0000002E)
    .ARM.Collect$$libinit$$00000030          0x080001e6   Section        0  libinit2.o(.ARM.Collect$$libinit$$00000030)
    .ARM.Collect$$libinit$$00000032          0x080001e6   Section        0  libinit2.o(.ARM.Collect$$libinit$$00000032)
    .ARM.Collect$$libinit$$00000033          0x080001e6   Section        2  libinit2.o(.ARM.Collect$$libinit$$00000033)
    .ARM.Collect$$libshutdown$$00000000      0x080001e8   Section        2  libshutdown.o(.ARM.Collect$$libshutdown$$00000000)
    .ARM.Collect$$libshutdown$$00000002      0x080001ea   Section        0  libshutdown2.o(.ARM.Collect$$libshutdown$$00000002)
    .ARM.Collect$$libshutdown$$00000004      0x080001ea   Section        0  libshutdown2.o(.ARM.Collect$$libshutdown$$00000004)
    .ARM.Collect$$libshutdown$$00000007      0x080001ea   Section        0  libshutdown2.o(.ARM.Collect$$libshutdown$$00000007)
    .ARM.Collect$$libshutdown$$0000000A      0x080001ea   Section        0  libshutdown2.o(.ARM.Collect$$libshutdown$$0000000A)
    .ARM.Collect$$libshutdown$$0000000C      0x080001ea   Section        0  libshutdown2.o(.ARM.Collect$$libshutdown$$0000000C)
    .ARM.Collect$$libshutdown$$0000000F      0x080001ea   Section        0  libshutdown2.o(.ARM.Collect$$libshutdown$$0000000F)
    .ARM.Collect$$libshutdown$$00000010      0x080001ea   Section        2  libshutdown2.o(.ARM.Collect$$libshutdown$$00000010)
    .ARM.Collect$$rtentry$$00000000          0x080001ec   Section        0  __rtentry.o(.ARM.Collect$$rtentry$$00000000)
    .ARM.Collect$$rtentry$$00000002          0x080001ec   Section        0  __rtentry2.o(.ARM.Collect$$rtentry$$00000002)
    .ARM.Collect$$rtentry$$00000004          0x080001ec   Section        6  __rtentry4.o(.ARM.Collect$$rtentry$$00000004)
    .ARM.Collect$$rtentry$$00000009          0x080001f2   Section        0  __rtentry2.o(.ARM.Collect$$rtentry$$00000009)
    .ARM.Collect$$rtentry$$0000000A          0x080001f2   Section        4  __rtentry2.o(.ARM.Collect$$rtentry$$0000000A)
    .ARM.Collect$$rtentry$$0000000C          0x080001f6   Section        0  __rtentry2.o(.ARM.Collect$$rtentry$$0000000C)
    .ARM.Collect$$rtentry$$0000000D          0x080001f6   Section        8  __rtentry2.o(.ARM.Collect$$rtentry$$0000000D)
    .ARM.Collect$$rtexit$$00000000           0x080001fe   Section        2  rtexit.o(.ARM.Collect$$rtexit$$00000000)
    .ARM.Collect$$rtexit$$00000002           0x08000200   Section        0  rtexit2.o(.ARM.Collect$$rtexit$$00000002)
    .ARM.Collect$$rtexit$$00000003           0x08000200   Section        4  rtexit2.o(.ARM.Collect$$rtexit$$00000003)
    .ARM.Collect$$rtexit$$00000004           0x08000204   Section        6  rtexit2.o(.ARM.Collect$$rtexit$$00000004)
    .text                                    0x0800020c   Section       64  startup_stm32f10x_hd.o(.text)
    .text                                    0x0800024c   Section        0  assert.o(.text)
    .text                                    0x080002cc   Section      138  rt_memcpy_v6.o(.text)
    .text                                    0x08000356   Section        0  heapauxi.o(.text)
    .text                                    0x0800035c   Section        0  abort.o(.text)
    .text                                    0x08000372   Section        0  assert_puts.o(.text)
    .text                                    0x08000386   Section      100  rt_memcpy_w.o(.text)
    .text                                    0x080003ea   Section        0  sys_wrch.o(.text)
    .text                                    0x080003f8   Section        0  sys_exit.o(.text)
    .text                                    0x08000404   Section        0  defsig_abrt_outer.o(.text)
    .text                                    0x08000412   Section        2  use_no_semi.o(.text)
    .text                                    0x08000414   Section       74  sys_stackheap_outer.o(.text)
    .text                                    0x08000414   Section        0  indicate_semi.o(.text)
    .text                                    0x0800045e   Section        0  exit.o(.text)
    .text                                    0x08000470   Section        0  defsig_exit.o(.text)
    .text                                    0x0800047c   Section        0  defsig_abrt_inner.o(.text)
    .text                                    0x080004ac   Section        8  libspace.o(.text)
    .text                                    0x080004b4   Section        0  defsig_general.o(.text)
    i.ADC_Cmd                                0x080004e6   Section        0  stm32f10x_adc.o(i.ADC_Cmd)
    i.ADC_Converter_Init                     0x080004fc   Section        0  dma.o(i.ADC_Converter_Init)
    i.ADC_DMACmd                             0x08000518   Section        0  stm32f10x_adc.o(i.ADC_DMACmd)
    i.ADC_DMA_CONFIG                         0x08000530   Section        0  dma.o(i.ADC_DMA_CONFIG)
    i.ADC_GetCalibrationStatus               0x08000594   Section        0  stm32f10x_adc.o(i.ADC_GetCalibrationStatus)
    i.ADC_GetResetCalibrationStatus          0x080005a8   Section        0  stm32f10x_adc.o(i.ADC_GetResetCalibrationStatus)
    i.ADC_Init                               0x080005bc   Section        0  stm32f10x_adc.o(i.ADC_Init)
    i.ADC_Mode_Config                        0x0800060c   Section        0  adc.o(i.ADC_Mode_Config)
    ADC_Mode_Config                          0x0800060d   Thumb Code   160  adc.o(i.ADC_Mode_Config)
    i.ADC_RegularChannelConfig               0x080006b0   Section        0  stm32f10x_adc.o(i.ADC_RegularChannelConfig)
    i.ADC_ResetCalibration                   0x08000768   Section        0  stm32f10x_adc.o(i.ADC_ResetCalibration)
    i.ADC_SoftwareStartConvCmd               0x08000772   Section        0  stm32f10x_adc.o(i.ADC_SoftwareStartConvCmd)
    i.ADC_StartCalibration                   0x08000788   Section        0  stm32f10x_adc.o(i.ADC_StartCalibration)
    i.ADC_Value_Converter                    0x08000794   Section        0  dma.o(i.ADC_Value_Converter)
    i.ADCx_GPIO_CONFIG                       0x08000838   Section        0  adc.o(i.ADCx_GPIO_CONFIG)
    ADCx_GPIO_CONFIG                         0x08000839   Thumb Code    66  adc.o(i.ADCx_GPIO_CONFIG)
    i.ADCx_Init                              0x08000884   Section        0  adc.o(i.ADCx_Init)
    i.AllUSART_Init                          0x08000890   Section        0  usart.o(i.AllUSART_Init)
    i.BusFault_Handler                       0x080008ac   Section        0  stm32f10x_it.o(i.BusFault_Handler)
    i.CC_Mode                                0x080008b0   Section        0  control.o(i.CC_Mode)
    i.CV_Mode                                0x080008e8   Section        0  control.o(i.CV_Mode)
    i.DAC_Cmd                                0x08000920   Section        0  stm32f10x_dac.o(i.DAC_Cmd)
    i.DAC_Init                               0x08000948   Section        0  stm32f10x_dac.o(i.DAC_Init)
    i.DAC_Init_Config                        0x0800097c   Section        0  dac.o(i.DAC_Init_Config)
    i.DAC_SetDualChannelData                 0x08000988   Section        0  stm32f10x_dac.o(i.DAC_SetDualChannelData)
    i.DAC_TIM_Config                         0x080009ac   Section        0  dac.o(i.DAC_TIM_Config)
    DAC_TIM_Config                           0x080009ad   Thumb Code    58  dac.o(i.DAC_TIM_Config)
    i.DMA_Cmd                                0x080009e6   Section        0  stm32f10x_dma.o(i.DMA_Cmd)
    i.DMA_DeInit                             0x08000a00   Section        0  stm32f10x_dma.o(i.DMA_DeInit)
    i.DMA_Init                               0x08000b4c   Section        0  stm32f10x_dma.o(i.DMA_Init)
    i.DebugMon_Handler                       0x08000b88   Section        0  stm32f10x_it.o(i.DebugMon_Handler)
    i.EXTI0_IRQHandler                       0x08000b8c   Section        0  stm32f10x_it.o(i.EXTI0_IRQHandler)
    i.EXTI2_IRQHandler                       0x08000bd8   Section        0  stm32f10x_it.o(i.EXTI2_IRQHandler)
    i.EXTI3_IRQHandler                       0x08000c20   Section        0  stm32f10x_it.o(i.EXTI3_IRQHandler)
    i.EXTI4_IRQHandler                       0x08000c6c   Section        0  stm32f10x_it.o(i.EXTI4_IRQHandler)
    i.EXTI_ClearITPendingBit                 0x08000cb8   Section        0  stm32f10x_exti.o(i.EXTI_ClearITPendingBit)
    i.EXTI_GetITStatus                       0x08000cc4   Section        0  stm32f10x_exti.o(i.EXTI_GetITStatus)
    i.EXTI_Init                              0x08000cec   Section        0  stm32f10x_exti.o(i.EXTI_Init)
    i.EXTI_Key_Config                        0x08000d80   Section        0  nvic.o(i.EXTI_Key_Config)
    i.GET_Loc_GPIO                           0x08000eb4   Section        0  control.o(i.GET_Loc_GPIO)
    i.GPIO_EXTILineConfig                    0x08000f44   Section        0  stm32f10x_gpio.o(i.GPIO_EXTILineConfig)
    i.GPIO_Init                              0x08000f84   Section        0  stm32f10x_gpio.o(i.GPIO_Init)
    i.GPIO_ReadInputDataBit                  0x0800109a   Section        0  stm32f10x_gpio.o(i.GPIO_ReadInputDataBit)
    i.GPIO_ResetBits                         0x080010ac   Section        0  stm32f10x_gpio.o(i.GPIO_ResetBits)
    i.GPIO_SetBits                           0x080010b0   Section        0  stm32f10x_gpio.o(i.GPIO_SetBits)
    i.HardFault_Handler                      0x080010b4   Section        0  stm32f10x_it.o(i.HardFault_Handler)
    i.MemManage_Handler                      0x080010b8   Section        0  stm32f10x_it.o(i.MemManage_Handler)
    i.NMI_Handler                            0x080010bc   Section        0  stm32f10x_it.o(i.NMI_Handler)
    i.NVIC_Init                              0x080010c0   Section        0  misc.o(i.NVIC_Init)
    i.NVIC_PriorityGroupConfig               0x08001130   Section        0  misc.o(i.NVIC_PriorityGroupConfig)
    i.PendSV_Handler                         0x08001144   Section        0  stm32f10x_it.o(i.PendSV_Handler)
    i.RCC_ADCCLKConfig                       0x08001148   Section        0  stm32f10x_rcc.o(i.RCC_ADCCLKConfig)
    i.RCC_AHBPeriphClockCmd                  0x08001160   Section        0  stm32f10x_rcc.o(i.RCC_AHBPeriphClockCmd)
    i.RCC_APB1PeriphClockCmd                 0x08001180   Section        0  stm32f10x_rcc.o(i.RCC_APB1PeriphClockCmd)
    i.RCC_APB2PeriphClockCmd                 0x080011a0   Section        0  stm32f10x_rcc.o(i.RCC_APB2PeriphClockCmd)
    i.RCC_Configuration                      0x080011c0   Section        0  main.o(i.RCC_Configuration)
    i.RCC_GetClocksFreq                      0x08001210   Section        0  stm32f10x_rcc.o(i.RCC_GetClocksFreq)
    i.Remo_CC_Mode                           0x080012e4   Section        0  control.o(i.Remo_CC_Mode)
    i.Remo_CV_Mode                           0x0800132c   Section        0  control.o(i.Remo_CV_Mode)
    i.SVC_Handler                            0x08001374   Section        0  stm32f10x_it.o(i.SVC_Handler)
    i.SetSysClock                            0x08001376   Section        0  system_stm32f10x.o(i.SetSysClock)
    SetSysClock                              0x08001377   Thumb Code     8  system_stm32f10x.o(i.SetSysClock)
    i.SetSysClockTo72                        0x08001380   Section        0  system_stm32f10x.o(i.SetSysClockTo72)
    SetSysClockTo72                          0x08001381   Thumb Code   214  system_stm32f10x.o(i.SetSysClockTo72)
    i.SysTick_Handler                        0x08001460   Section        0  stm32f10x_it.o(i.SysTick_Handler)
    i.SystemInit                             0x08001464   Section        0  system_stm32f10x.o(i.SystemInit)
    i.TIM2_IRQHandler                        0x080014c4   Section        0  stm32f10x_it.o(i.TIM2_IRQHandler)
    i.TIME2_Init                             0x080014de   Section        0  time.o(i.TIME2_Init)
    i.TIM_ClearITPendingBit                  0x08001526   Section        0  stm32f10x_tim.o(i.TIM_ClearITPendingBit)
    i.TIM_Cmd                                0x0800152c   Section        0  stm32f10x_tim.o(i.TIM_Cmd)
    i.TIM_GetITStatus                        0x08001544   Section        0  stm32f10x_tim.o(i.TIM_GetITStatus)
    i.TIM_ITConfig                           0x08001566   Section        0  stm32f10x_tim.o(i.TIM_ITConfig)
    i.TIM_SelectOutputTrigger                0x08001578   Section        0  stm32f10x_tim.o(i.TIM_SelectOutputTrigger)
    i.TIM_SetCounter                         0x0800158a   Section        0  stm32f10x_tim.o(i.TIM_SetCounter)
    i.TIM_TimeBaseInit                       0x08001590   Section        0  stm32f10x_tim.o(i.TIM_TimeBaseInit)
    i.USART1_IRQHandler                      0x08001634   Section        0  stm32f10x_it.o(i.USART1_IRQHandler)
    i.USART_ClearFlag                        0x08001674   Section        0  stm32f10x_usart.o(i.USART_ClearFlag)
    i.USART_ClearITPendingBit                0x08001686   Section        0  stm32f10x_usart.o(i.USART_ClearITPendingBit)
    i.USART_Cmd                              0x080016a4   Section        0  stm32f10x_usart.o(i.USART_Cmd)
    i.USART_Configuration                    0x080016bc   Section        0  usart.o(i.USART_Configuration)
    i.USART_GPIO_Configuration               0x0800170c   Section        0  usart.o(i.USART_GPIO_Configuration)
    i.USART_GetITStatus                      0x08001748   Section        0  stm32f10x_usart.o(i.USART_GetITStatus)
    i.USART_ITConfig                         0x0800179c   Section        0  stm32f10x_usart.o(i.USART_ITConfig)
    i.USART_Init                             0x080017e8   Section        0  stm32f10x_usart.o(i.USART_Init)
    i.USART_NVIC_Configuration               0x080018c0   Section        0  usart.o(i.USART_NVIC_Configuration)
    i.USART_ReceiveData                      0x080018e8   Section        0  stm32f10x_usart.o(i.USART_ReceiveData)
    i.USART_SendData                         0x080018f2   Section        0  stm32f10x_usart.o(i.USART_SendData)
    i.UsageFault_Handler                     0x080018fa   Section        0  stm32f10x_it.o(i.UsageFault_Handler)
    i.control                                0x08001900   Section        0  control.o(i.control)
    i.dac_config                             0x08001aa4   Section        0  dac.o(i.dac_config)
    dac_config                               0x08001aa5   Thumb Code   124  dac.o(i.dac_config)
    i.eMBEnable                              0x08001b24   Section        0  mb.o(i.eMBEnable)
    i.eMBFuncReadCoils                       0x08001b4c   Section        0  mbfunccoils.o(i.eMBFuncReadCoils)
    i.eMBFuncReadDiscreteInputs              0x08001bfa   Section        0  mbfuncdisc.o(i.eMBFuncReadDiscreteInputs)
    i.eMBFuncReadHoldingRegister             0x08001ca6   Section        0  mbfuncholding.o(i.eMBFuncReadHoldingRegister)
    i.eMBFuncReadInputRegister               0x08001d32   Section        0  mbfuncinput.o(i.eMBFuncReadInputRegister)
    i.eMBFuncReadWriteMultipleHoldingRegister 0x08001dbe   Section        0  mbfuncholding.o(i.eMBFuncReadWriteMultipleHoldingRegister)
    i.eMBFuncReportSlaveID                   0x08001e94   Section        0  mbfuncother.o(i.eMBFuncReportSlaveID)
    i.eMBFuncWriteCoil                       0x08001ebc   Section        0  mbfunccoils.o(i.eMBFuncWriteCoil)
    i.eMBFuncWriteHoldingRegister            0x08001f2c   Section        0  mbfuncholding.o(i.eMBFuncWriteHoldingRegister)
    i.eMBFuncWriteMultipleCoils              0x08001f6e   Section        0  mbfunccoils.o(i.eMBFuncWriteMultipleCoils)
    i.eMBFuncWriteMultipleHoldingRegister    0x08001ffe   Section        0  mbfuncholding.o(i.eMBFuncWriteMultipleHoldingRegister)
    i.eMBInit                                0x0800206c   Section        0  mb.o(i.eMBInit)
    i.eMBPoll                                0x0800214c   Section        0  mb.o(i.eMBPoll)
    i.eMBRTUInit                             0x08002278   Section        0  mbrtu.o(i.eMBRTUInit)
    i.eMBRTUReceive                          0x080022c8   Section        0  mbrtu.o(i.eMBRTUReceive)
    i.eMBRTUSend                             0x08002370   Section        0  mbrtu.o(i.eMBRTUSend)
    i.eMBRTUStart                            0x080023f8   Section        0  mbrtu.o(i.eMBRTUStart)
    i.eMBRTUStop                             0x08002414   Section        0  mbrtu.o(i.eMBRTUStop)
    i.eMBRegCoilsCB                          0x08002424   Section        0  myrtu.o(i.eMBRegCoilsCB)
    i.eMBRegDiscreteCB                       0x080024bc   Section        0  myrtu.o(i.eMBRegDiscreteCB)
    i.eMBRegHoldingCB                        0x08002520   Section        0  myrtu.o(i.eMBRegHoldingCB)
    i.eMBRegInputCB                          0x080025a0   Section        0  myrtu.o(i.eMBRegInputCB)
    i.key_nvic_config                        0x080025ec   Section        0  nvic.o(i.key_nvic_config)
    key_nvic_config                          0x080025ed   Thumb Code   158  nvic.o(i.key_nvic_config)
    i.main                                   0x0800268c   Section        0  main.o(i.main)
    i.prveMBError2Exception                  0x080026fc   Section        0  mbutils.o(i.prveMBError2Exception)
    i.prvvTIMERExpiredISR                    0x08002720   Section        0  porttimer.o(i.prvvTIMERExpiredISR)
    i.prvvUARTRxISR                          0x08002730   Section        0  portserial.o(i.prvvUARTRxISR)
    i.prvvUARTTxReadyISR                     0x08002740   Section        0  portserial.o(i.prvvUARTTxReadyISR)
    i.status_led_gpio_config                 0x08002750   Section        0  led.o(i.status_led_gpio_config)
    i.usMBCRC16                              0x0800277c   Section        0  mbcrc.o(i.usMBCRC16)
    i.vMBPortSerialEnable                    0x080027b4   Section        0  portserial.o(i.vMBPortSerialEnable)
    i.vMBPortTimersDisable                   0x080027fc   Section        0  porttimer.o(i.vMBPortTimersDisable)
    i.vMBPortTimersEnable                    0x08002826   Section        0  porttimer.o(i.vMBPortTimersEnable)
    i.xMBPortEventGet                        0x08002850   Section        0  portevent.o(i.xMBPortEventGet)
    i.xMBPortEventInit                       0x08002874   Section        0  portevent.o(i.xMBPortEventInit)
    i.xMBPortEventPost                       0x08002884   Section        0  portevent.o(i.xMBPortEventPost)
    i.xMBPortSerialGetByte                   0x0800289c   Section        0  portserial.o(i.xMBPortSerialGetByte)
    i.xMBPortSerialInit                      0x080028b0   Section        0  portserial.o(i.xMBPortSerialInit)
    i.xMBPortSerialPutByte                   0x080028cc   Section        0  portserial.o(i.xMBPortSerialPutByte)
    i.xMBPortTimersInit                      0x080028e0   Section        0  porttimer.o(i.xMBPortTimersInit)
    i.xMBRTUReceiveFSM                       0x08002908   Section        0  mbrtu.o(i.xMBRTUReceiveFSM)
    i.xMBRTUTimerT35Expired                  0x080029e0   Section        0  mbrtu.o(i.xMBRTUTimerT35Expired)
    i.xMBRTUTransmitFSM                      0x08002a64   Section        0  mbrtu.o(i.xMBRTUTransmitFSM)
    i.xMBUtilGetBits                         0x08002b20   Section        0  mbutils.o(i.xMBUtilGetBits)
    i.xMBUtilSetBits                         0x08002b4c   Section        0  mbutils.o(i.xMBUtilSetBits)
    .constdata                               0x08002be8   Section      512  mbcrc.o(.constdata)
    aucCRCHi                                 0x08002be8   Data         256  mbcrc.o(.constdata)
    aucCRCLo                                 0x08002ce8   Data         256  mbcrc.o(.constdata)
    .conststring                             0x08002de8   Section       99  mbrtu.o(.conststring)
    .data                                    0x20000000   Section       20  stm32f10x_rcc.o(.data)
    APBAHBPrescTable                         0x20000000   Data          16  stm32f10x_rcc.o(.data)
    ADCPrescTable                            0x20000010   Data           4  stm32f10x_rcc.o(.data)
    .data                                    0x20000014   Section       14  main.o(.data)
    .data                                    0x20000022   Section       10  stm32f10x_it.o(.data)
    .data                                    0x2000002c   Section       16  control.o(.data)
    .data                                    0x2000003c   Section       30  dma.o(.data)
    .data                                    0x2000005a   Section        8  myrtu.o(.data)
    .data                                    0x20000064   Section      181  mb.o(.data)
    ucMBAddress                              0x20000064   Data           1  mb.o(.data)
    eMBCurrentMode                           0x20000065   Data           1  mb.o(.data)
    eMBState                                 0x20000066   Data           1  mb.o(.data)
    peMBFrameSendCur                         0x20000068   Data           4  mb.o(.data)
    pvMBFrameStartCur                        0x2000006c   Data           4  mb.o(.data)
    pvMBFrameStopCur                         0x20000070   Data           4  mb.o(.data)
    peMBFrameReceiveCur                      0x20000074   Data           4  mb.o(.data)
    pvMBFrameCloseCur                        0x20000078   Data           4  mb.o(.data)
    xFuncHandlers                            0x20000090   Data         128  mb.o(.data)
    ucMBFrame                                0x20000110   Data           4  mb.o(.data)
    ucRcvAddress                             0x20000114   Data           1  mb.o(.data)
    ucFunctionCode                           0x20000115   Data           1  mb.o(.data)
    usLength                                 0x20000116   Data           2  mb.o(.data)
    eException                               0x20000118   Data           1  mb.o(.data)
    .data                                    0x2000011c   Section       12  mbrtu.o(.data)
    eSndState                                0x2000011c   Data           1  mbrtu.o(.data)
    eRcvState                                0x2000011d   Data           1  mbrtu.o(.data)
    pucSndBufferCur                          0x20000120   Data           4  mbrtu.o(.data)
    usSndBufferCount                         0x20000124   Data           2  mbrtu.o(.data)
    usRcvBufferPos                           0x20000126   Data           2  mbrtu.o(.data)
    .data                                    0x20000128   Section        2  mbfuncother.o(.data)
    usMBSlaveIDLen                           0x20000128   Data           2  mbfuncother.o(.data)
    .data                                    0x2000012a   Section        2  portevent.o(.data)
    eQueuedEvent                             0x2000012a   Data           1  portevent.o(.data)
    xEventInQueue                            0x2000012b   Data           1  portevent.o(.data)
    .bss                                     0x2000012c   Section      300  dma.o(.bss)
    .bss                                     0x20000258   Section       28  myrtu.o(.bss)
    .bss                                     0x20000274   Section      256  mbrtu.o(.bss)
    .bss                                     0x20000374   Section       32  mbfuncother.o(.bss)
    ucMBSlaveID                              0x20000374   Data          32  mbfuncother.o(.bss)
    .bss                                     0x20000394   Section       96  libspace.o(.bss)
    HEAP                                     0x200003f8   Section      512  startup_stm32f10x_hd.o(HEAP)
    Heap_Mem                                 0x200003f8   Data         512  startup_stm32f10x_hd.o(HEAP)
    STACK                                    0x200005f8   Section     1024  startup_stm32f10x_hd.o(STACK)
    Stack_Mem                                0x200005f8   Data        1024  startup_stm32f10x_hd.o(STACK)
    __initial_sp                             0x200009f8   Data           0  startup_stm32f10x_hd.o(STACK)

    Global Symbols

    Symbol Name                              Value     Ov Type        Size  Object(Section)

    BuildAttributes$$THM_ISAv4$P$D$K$B$S$PE$A:L22UL41UL21$X:L11$S22US41US21$IEEE1$IW$USESV6$~STKCKD$USESV7$~SHL$OSPACE$ROPI$EBA8$UX$STANDARDLIB$REQ8$PRES8$EABIv2 0x00000000   Number         0  anon$$obj.o ABSOLUTE
    __ARM_use_no_argv                        0x00000000   Number         0  main.o ABSOLUTE
    __ARM_exceptions_init                     - Undefined Weak Reference
    __alloca_initialize                       - Undefined Weak Reference
    __arm_preinit_                            - Undefined Weak Reference
    __cpp_initialize__aeabi_                  - Undefined Weak Reference
    __cxa_finalize                            - Undefined Weak Reference
    __rt_locale                               - Undefined Weak Reference
    __sigvec_lookup                           - Undefined Weak Reference
    _atexit_init                              - Undefined Weak Reference
    _call_atexit_fns                          - Undefined Weak Reference
    _clock_init                               - Undefined Weak Reference
    _fp_trap_init                             - Undefined Weak Reference
    _fp_trap_shutdown                         - Undefined Weak Reference
    _get_lc_collate                           - Undefined Weak Reference
    _get_lc_ctype                             - Undefined Weak Reference
    _get_lc_monetary                          - Undefined Weak Reference
    _get_lc_numeric                           - Undefined Weak Reference
    _get_lc_time                              - Undefined Weak Reference
    _getenv_init                              - Undefined Weak Reference
    _handle_redirection                       - Undefined Weak Reference
    _init_alloc                               - Undefined Weak Reference
    _init_user_alloc                          - Undefined Weak Reference
    _initio                                   - Undefined Weak Reference
    _rand_init                                - Undefined Weak Reference
    _signal_finish                            - Undefined Weak Reference
    _signal_init                              - Undefined Weak Reference
    _terminate_alloc                          - Undefined Weak Reference
    _terminate_user_alloc                     - Undefined Weak Reference
    _terminateio                              - Undefined Weak Reference
    __Vectors_Size                           0x00000130   Number         0  startup_stm32f10x_hd.o ABSOLUTE
    __Vectors                                0x08000000   Data           4  startup_stm32f10x_hd.o(RESET)
    __Vectors_End                            0x08000130   Data           0  startup_stm32f10x_hd.o(RESET)
    __main                                   0x08000131   Thumb Code     8  __main.o(!!!main)
    __scatterload                            0x08000139   Thumb Code     0  __scatter.o(!!!scatter)
    __scatterload_rt2                        0x08000139   Thumb Code    44  __scatter.o(!!!scatter)
    __scatterload_rt2_thumb_only             0x08000139   Thumb Code     0  __scatter.o(!!!scatter)
    __scatterload_null                       0x08000147   Thumb Code     0  __scatter.o(!!!scatter)
    __decompress                             0x0800016d   Thumb Code    90  __dczerorl2.o(!!dczerorl2)
    __decompress1                            0x0800016d   Thumb Code     0  __dczerorl2.o(!!dczerorl2)
    __scatterload_zeroinit                   0x080001c9   Thumb Code    28  __scatter_zi.o(!!handler_zi)
    __rt_lib_init                            0x080001e5   Thumb Code     0  libinit.o(.ARM.Collect$$libinit$$00000000)
    __rt_lib_init_alloca_1                   0x080001e7   Thumb Code     0  libinit2.o(.ARM.Collect$$libinit$$0000002E)
    __rt_lib_init_argv_1                     0x080001e7   Thumb Code     0  libinit2.o(.ARM.Collect$$libinit$$0000002C)
    __rt_lib_init_atexit_1                   0x080001e7   Thumb Code     0  libinit2.o(.ARM.Collect$$libinit$$0000001B)
    __rt_lib_init_clock_1                    0x080001e7   Thumb Code     0  libinit2.o(.ARM.Collect$$libinit$$00000021)
    __rt_lib_init_cpp_1                      0x080001e7   Thumb Code     0  libinit2.o(.ARM.Collect$$libinit$$00000032)
    __rt_lib_init_exceptions_1               0x080001e7   Thumb Code     0  libinit2.o(.ARM.Collect$$libinit$$00000030)
    __rt_lib_init_fp_1                       0x080001e7   Thumb Code     0  libinit2.o(.ARM.Collect$$libinit$$00000002)
    __rt_lib_init_fp_trap_1                  0x080001e7   Thumb Code     0  libinit2.o(.ARM.Collect$$libinit$$0000001F)
    __rt_lib_init_getenv_1                   0x080001e7   Thumb Code     0  libinit2.o(.ARM.Collect$$libinit$$00000023)
    __rt_lib_init_heap_1                     0x080001e7   Thumb Code     0  libinit2.o(.ARM.Collect$$libinit$$0000000A)
    __rt_lib_init_lc_collate_1               0x080001e7   Thumb Code     0  libinit2.o(.ARM.Collect$$libinit$$00000011)
    __rt_lib_init_lc_ctype_1                 0x080001e7   Thumb Code     0  libinit2.o(.ARM.Collect$$libinit$$00000013)
    __rt_lib_init_lc_monetary_1              0x080001e7   Thumb Code     0  libinit2.o(.ARM.Collect$$libinit$$00000015)
    __rt_lib_init_lc_numeric_1               0x080001e7   Thumb Code     0  libinit2.o(.ARM.Collect$$libinit$$00000017)
    __rt_lib_init_lc_time_1                  0x080001e7   Thumb Code     0  libinit2.o(.ARM.Collect$$libinit$$00000019)
    __rt_lib_init_preinit_1                  0x080001e7   Thumb Code     0  libinit2.o(.ARM.Collect$$libinit$$00000004)
    __rt_lib_init_rand_1                     0x080001e7   Thumb Code     0  libinit2.o(.ARM.Collect$$libinit$$0000000E)
    __rt_lib_init_return                     0x080001e7   Thumb Code     0  libinit2.o(.ARM.Collect$$libinit$$00000033)
    __rt_lib_init_signal_1                   0x080001e7   Thumb Code     0  libinit2.o(.ARM.Collect$$libinit$$0000001D)
    __rt_lib_init_stdio_1                    0x080001e7   Thumb Code     0  libinit2.o(.ARM.Collect$$libinit$$00000025)
    __rt_lib_init_user_alloc_1               0x080001e7   Thumb Code     0  libinit2.o(.ARM.Collect$$libinit$$0000000C)
    __rt_lib_shutdown                        0x080001e9   Thumb Code     0  libshutdown.o(.ARM.Collect$$libshutdown$$00000000)
    __rt_lib_shutdown_cpp_1                  0x080001eb   Thumb Code     0  libshutdown2.o(.ARM.Collect$$libshutdown$$00000002)
    __rt_lib_shutdown_fp_trap_1              0x080001eb   Thumb Code     0  libshutdown2.o(.ARM.Collect$$libshutdown$$00000007)
    __rt_lib_shutdown_heap_1                 0x080001eb   Thumb Code     0  libshutdown2.o(.ARM.Collect$$libshutdown$$0000000F)
    __rt_lib_shutdown_return                 0x080001eb   Thumb Code     0  libshutdown2.o(.ARM.Collect$$libshutdown$$00000010)
    __rt_lib_shutdown_signal_1               0x080001eb   Thumb Code     0  libshutdown2.o(.ARM.Collect$$libshutdown$$0000000A)
    __rt_lib_shutdown_stdio_1                0x080001eb   Thumb Code     0  libshutdown2.o(.ARM.Collect$$libshutdown$$00000004)
    __rt_lib_shutdown_user_alloc_1           0x080001eb   Thumb Code     0  libshutdown2.o(.ARM.Collect$$libshutdown$$0000000C)
    __rt_entry                               0x080001ed   Thumb Code     0  __rtentry.o(.ARM.Collect$$rtentry$$00000000)
    __rt_entry_presh_1                       0x080001ed   Thumb Code     0  __rtentry2.o(.ARM.Collect$$rtentry$$00000002)
    __rt_entry_sh                            0x080001ed   Thumb Code     0  __rtentry4.o(.ARM.Collect$$rtentry$$00000004)
    __rt_entry_li                            0x080001f3   Thumb Code     0  __rtentry2.o(.ARM.Collect$$rtentry$$0000000A)
    __rt_entry_postsh_1                      0x080001f3   Thumb Code     0  __rtentry2.o(.ARM.Collect$$rtentry$$00000009)
    __rt_entry_main                          0x080001f7   Thumb Code     0  __rtentry2.o(.ARM.Collect$$rtentry$$0000000D)
    __rt_entry_postli_1                      0x080001f7   Thumb Code     0  __rtentry2.o(.ARM.Collect$$rtentry$$0000000C)
    __rt_exit                                0x080001ff   Thumb Code     0  rtexit.o(.ARM.Collect$$rtexit$$00000000)
    __rt_exit_ls                             0x08000201   Thumb Code     0  rtexit2.o(.ARM.Collect$$rtexit$$00000003)
    __rt_exit_prels_1                        0x08000201   Thumb Code     0  rtexit2.o(.ARM.Collect$$rtexit$$00000002)
    __rt_exit_exit                           0x08000205   Thumb Code     0  rtexit2.o(.ARM.Collect$$rtexit$$00000004)
    Reset_Handler                            0x0800020d   Thumb Code     8  startup_stm32f10x_hd.o(.text)
    ADC1_2_IRQHandler                        0x08000227   Thumb Code     0  startup_stm32f10x_hd.o(.text)
    ADC3_IRQHandler                          0x08000227   Thumb Code     0  startup_stm32f10x_hd.o(.text)
    CAN1_RX1_IRQHandler                      0x08000227   Thumb Code     0  startup_stm32f10x_hd.o(.text)
    CAN1_SCE_IRQHandler                      0x08000227   Thumb Code     0  startup_stm32f10x_hd.o(.text)
    DMA1_Channel1_IRQHandler                 0x08000227   Thumb Code     0  startup_stm32f10x_hd.o(.text)
    DMA1_Channel2_IRQHandler                 0x08000227   Thumb Code     0  startup_stm32f10x_hd.o(.text)
    DMA1_Channel3_IRQHandler                 0x08000227   Thumb Code     0  startup_stm32f10x_hd.o(.text)
    DMA1_Channel4_IRQHandler                 0x08000227   Thumb Code     0  startup_stm32f10x_hd.o(.text)
    DMA1_Channel5_IRQHandler                 0x08000227   Thumb Code     0  startup_stm32f10x_hd.o(.text)
    DMA1_Channel6_IRQHandler                 0x08000227   Thumb Code     0  startup_stm32f10x_hd.o(.text)
    DMA1_Channel7_IRQHandler                 0x08000227   Thumb Code     0  startup_stm32f10x_hd.o(.text)
    DMA2_Channel1_IRQHandler                 0x08000227   Thumb Code     0  startup_stm32f10x_hd.o(.text)
    DMA2_Channel2_IRQHandler                 0x08000227   Thumb Code     0  startup_stm32f10x_hd.o(.text)
    DMA2_Channel3_IRQHandler                 0x08000227   Thumb Code     0  startup_stm32f10x_hd.o(.text)
    DMA2_Channel4_5_IRQHandler               0x08000227   Thumb Code     0  startup_stm32f10x_hd.o(.text)
    EXTI15_10_IRQHandler                     0x08000227   Thumb Code     0  startup_stm32f10x_hd.o(.text)
    EXTI1_IRQHandler                         0x08000227   Thumb Code     0  startup_stm32f10x_hd.o(.text)
    EXTI9_5_IRQHandler                       0x08000227   Thumb Code     0  startup_stm32f10x_hd.o(.text)
    FLASH_IRQHandler                         0x08000227   Thumb Code     0  startup_stm32f10x_hd.o(.text)
    FSMC_IRQHandler                          0x08000227   Thumb Code     0  startup_stm32f10x_hd.o(.text)
    I2C1_ER_IRQHandler                       0x08000227   Thumb Code     0  startup_stm32f10x_hd.o(.text)
    I2C1_EV_IRQHandler                       0x08000227   Thumb Code     0  startup_stm32f10x_hd.o(.text)
    I2C2_ER_IRQHandler                       0x08000227   Thumb Code     0  startup_stm32f10x_hd.o(.text)
    I2C2_EV_IRQHandler                       0x08000227   Thumb Code     0  startup_stm32f10x_hd.o(.text)
    PVD_IRQHandler                           0x08000227   Thumb Code     0  startup_stm32f10x_hd.o(.text)
    RCC_IRQHandler                           0x08000227   Thumb Code     0  startup_stm32f10x_hd.o(.text)
    RTCAlarm_IRQHandler                      0x08000227   Thumb Code     0  startup_stm32f10x_hd.o(.text)
    RTC_IRQHandler                           0x08000227   Thumb Code     0  startup_stm32f10x_hd.o(.text)
    SDIO_IRQHandler                          0x08000227   Thumb Code     0  startup_stm32f10x_hd.o(.text)
    SPI1_IRQHandler                          0x08000227   Thumb Code     0  startup_stm32f10x_hd.o(.text)
    SPI2_IRQHandler                          0x08000227   Thumb Code     0  startup_stm32f10x_hd.o(.text)
    SPI3_IRQHandler                          0x08000227   Thumb Code     0  startup_stm32f10x_hd.o(.text)
    TAMPER_IRQHandler                        0x08000227   Thumb Code     0  startup_stm32f10x_hd.o(.text)
    TIM1_BRK_IRQHandler                      0x08000227   Thumb Code     0  startup_stm32f10x_hd.o(.text)
    TIM1_CC_IRQHandler                       0x08000227   Thumb Code     0  startup_stm32f10x_hd.o(.text)
    TIM1_TRG_COM_IRQHandler                  0x08000227   Thumb Code     0  startup_stm32f10x_hd.o(.text)
    TIM1_UP_IRQHandler                       0x08000227   Thumb Code     0  startup_stm32f10x_hd.o(.text)
    TIM3_IRQHandler                          0x08000227   Thumb Code     0  startup_stm32f10x_hd.o(.text)
    TIM4_IRQHandler                          0x08000227   Thumb Code     0  startup_stm32f10x_hd.o(.text)
    TIM5_IRQHandler                          0x08000227   Thumb Code     0  startup_stm32f10x_hd.o(.text)
    TIM6_IRQHandler                          0x08000227   Thumb Code     0  startup_stm32f10x_hd.o(.text)
    TIM7_IRQHandler                          0x08000227   Thumb Code     0  startup_stm32f10x_hd.o(.text)
    TIM8_BRK_IRQHandler                      0x08000227   Thumb Code     0  startup_stm32f10x_hd.o(.text)
    TIM8_CC_IRQHandler                       0x08000227   Thumb Code     0  startup_stm32f10x_hd.o(.text)
    TIM8_TRG_COM_IRQHandler                  0x08000227   Thumb Code     0  startup_stm32f10x_hd.o(.text)
    TIM8_UP_IRQHandler                       0x08000227   Thumb Code     0  startup_stm32f10x_hd.o(.text)
    UART4_IRQHandler                         0x08000227   Thumb Code     0  startup_stm32f10x_hd.o(.text)
    UART5_IRQHandler                         0x08000227   Thumb Code     0  startup_stm32f10x_hd.o(.text)
    USART2_IRQHandler                        0x08000227   Thumb Code     0  startup_stm32f10x_hd.o(.text)
    USART3_IRQHandler                        0x08000227   Thumb Code     0  startup_stm32f10x_hd.o(.text)
    USBWakeUp_IRQHandler                     0x08000227   Thumb Code     0  startup_stm32f10x_hd.o(.text)
    USB_HP_CAN1_TX_IRQHandler                0x08000227   Thumb Code     0  startup_stm32f10x_hd.o(.text)
    USB_LP_CAN1_RX0_IRQHandler               0x08000227   Thumb Code     0  startup_stm32f10x_hd.o(.text)
    WWDG_IRQHandler                          0x08000227   Thumb Code     0  startup_stm32f10x_hd.o(.text)
    __user_initial_stackheap                 0x08000229   Thumb Code     0  startup_stm32f10x_hd.o(.text)
    __aeabi_assert                           0x0800024d   Thumb Code    86  assert.o(.text)
    __assert                                 0x0800024d   Thumb Code     0  assert.o(.text)
    __aeabi_memcpy                           0x080002cd   Thumb Code     0  rt_memcpy_v6.o(.text)
    __rt_memcpy                              0x080002cd   Thumb Code   138  rt_memcpy_v6.o(.text)
    _memcpy_lastbytes                        0x08000333   Thumb Code     0  rt_memcpy_v6.o(.text)
    __use_two_region_memory                  0x08000357   Thumb Code     2  heapauxi.o(.text)
    __rt_heap_escrow$2region                 0x08000359   Thumb Code     2  heapauxi.o(.text)
    __rt_heap_expand$2region                 0x0800035b   Thumb Code     2  heapauxi.o(.text)
    abort                                    0x0800035d   Thumb Code    22  abort.o(.text)
    __assert_puts                            0x08000373   Thumb Code    20  assert_puts.o(.text)
    __aeabi_memcpy4                          0x08000387   Thumb Code     0  rt_memcpy_w.o(.text)
    __aeabi_memcpy8                          0x08000387   Thumb Code     0  rt_memcpy_w.o(.text)
    __rt_memcpy_w                            0x08000387   Thumb Code   100  rt_memcpy_w.o(.text)
    _memcpy_lastbytes_aligned                0x080003cf   Thumb Code     0  rt_memcpy_w.o(.text)
    _ttywrch                                 0x080003eb   Thumb Code    14  sys_wrch.o(.text)
    _sys_exit                                0x080003f9   Thumb Code     8  sys_exit.o(.text)
    __rt_SIGABRT                             0x08000405   Thumb Code    14  defsig_abrt_outer.o(.text)
    __I$use$semihosting                      0x08000413   Thumb Code     0  use_no_semi.o(.text)
    __use_no_semihosting_swi                 0x08000413   Thumb Code     2  use_no_semi.o(.text)
    __semihosting_library_function           0x08000415   Thumb Code     0  indicate_semi.o(.text)
    __user_setup_stackheap                   0x08000415   Thumb Code    74  sys_stackheap_outer.o(.text)
    exit                                     0x0800045f   Thumb Code    18  exit.o(.text)
    __sig_exit                               0x08000471   Thumb Code    10  defsig_exit.o(.text)
    __rt_SIGABRT_inner                       0x0800047d   Thumb Code    14  defsig_abrt_inner.o(.text)
    __user_libspace                          0x080004ad   Thumb Code     8  libspace.o(.text)
    __user_perproc_libspace                  0x080004ad   Thumb Code     0  libspace.o(.text)
    __user_perthread_libspace                0x080004ad   Thumb Code     0  libspace.o(.text)
    __default_signal_display                 0x080004b5   Thumb Code    50  defsig_general.o(.text)
    ADC_Cmd                                  0x080004e7   Thumb Code    22  stm32f10x_adc.o(i.ADC_Cmd)
    ADC_Converter_Init                       0x080004fd   Thumb Code    22  dma.o(i.ADC_Converter_Init)
    ADC_DMACmd                               0x08000519   Thumb Code    22  stm32f10x_adc.o(i.ADC_DMACmd)
    ADC_DMA_CONFIG                           0x08000531   Thumb Code    88  dma.o(i.ADC_DMA_CONFIG)
    ADC_GetCalibrationStatus                 0x08000595   Thumb Code    20  stm32f10x_adc.o(i.ADC_GetCalibrationStatus)
    ADC_GetResetCalibrationStatus            0x080005a9   Thumb Code    20  stm32f10x_adc.o(i.ADC_GetResetCalibrationStatus)
    ADC_Init                                 0x080005bd   Thumb Code    70  stm32f10x_adc.o(i.ADC_Init)
    ADC_RegularChannelConfig                 0x080006b1   Thumb Code   184  stm32f10x_adc.o(i.ADC_RegularChannelConfig)
    ADC_ResetCalibration                     0x08000769   Thumb Code    10  stm32f10x_adc.o(i.ADC_ResetCalibration)
    ADC_SoftwareStartConvCmd                 0x08000773   Thumb Code    22  stm32f10x_adc.o(i.ADC_SoftwareStartConvCmd)
    ADC_StartCalibration                     0x08000789   Thumb Code    10  stm32f10x_adc.o(i.ADC_StartCalibration)
    ADC_Value_Converter                      0x08000795   Thumb Code   134  dma.o(i.ADC_Value_Converter)
    ADCx_Init                                0x08000885   Thumb Code    12  adc.o(i.ADCx_Init)
    AllUSART_Init                            0x08000891   Thumb Code    28  usart.o(i.AllUSART_Init)
    BusFault_Handler                         0x080008ad   Thumb Code     4  stm32f10x_it.o(i.BusFault_Handler)
    CC_Mode                                  0x080008b1   Thumb Code    46  control.o(i.CC_Mode)
    CV_Mode                                  0x080008e9   Thumb Code    46  control.o(i.CV_Mode)
    DAC_Cmd                                  0x08000921   Thumb Code    34  stm32f10x_dac.o(i.DAC_Cmd)
    DAC_Init                                 0x08000949   Thumb Code    46  stm32f10x_dac.o(i.DAC_Init)
    DAC_Init_Config                          0x0800097d   Thumb Code    12  dac.o(i.DAC_Init_Config)
    DAC_SetDualChannelData                   0x08000989   Thumb Code    32  stm32f10x_dac.o(i.DAC_SetDualChannelData)
    DMA_Cmd                                  0x080009e7   Thumb Code    24  stm32f10x_dma.o(i.DMA_Cmd)
    DMA_DeInit                               0x08000a01   Thumb Code   324  stm32f10x_dma.o(i.DMA_DeInit)
    DMA_Init                                 0x08000b4d   Thumb Code    60  stm32f10x_dma.o(i.DMA_Init)
    DebugMon_Handler                         0x08000b89   Thumb Code     2  stm32f10x_it.o(i.DebugMon_Handler)
    EXTI0_IRQHandler                         0x08000b8d   Thumb Code    66  stm32f10x_it.o(i.EXTI0_IRQHandler)
    EXTI2_IRQHandler                         0x08000bd9   Thumb Code    64  stm32f10x_it.o(i.EXTI2_IRQHandler)
    EXTI3_IRQHandler                         0x08000c21   Thumb Code    66  stm32f10x_it.o(i.EXTI3_IRQHandler)
    EXTI4_IRQHandler                         0x08000c6d   Thumb Code    66  stm32f10x_it.o(i.EXTI4_IRQHandler)
    EXTI_ClearITPendingBit                   0x08000cb9   Thumb Code     6  stm32f10x_exti.o(i.EXTI_ClearITPendingBit)
    EXTI_GetITStatus                         0x08000cc5   Thumb Code    34  stm32f10x_exti.o(i.EXTI_GetITStatus)
    EXTI_Init                                0x08000ced   Thumb Code   142  stm32f10x_exti.o(i.EXTI_Init)
    EXTI_Key_Config                          0x08000d81   Thumb Code   294  nvic.o(i.EXTI_Key_Config)
    GET_Loc_GPIO                             0x08000eb5   Thumb Code   122  control.o(i.GET_Loc_GPIO)
    GPIO_EXTILineConfig                      0x08000f45   Thumb Code    60  stm32f10x_gpio.o(i.GPIO_EXTILineConfig)
    GPIO_Init                                0x08000f85   Thumb Code   278  stm32f10x_gpio.o(i.GPIO_Init)
    GPIO_ReadInputDataBit                    0x0800109b   Thumb Code    18  stm32f10x_gpio.o(i.GPIO_ReadInputDataBit)
    GPIO_ResetBits                           0x080010ad   Thumb Code     4  stm32f10x_gpio.o(i.GPIO_ResetBits)
    GPIO_SetBits                             0x080010b1   Thumb Code     4  stm32f10x_gpio.o(i.GPIO_SetBits)
    HardFault_Handler                        0x080010b5   Thumb Code     4  stm32f10x_it.o(i.HardFault_Handler)
    MemManage_Handler                        0x080010b9   Thumb Code     4  stm32f10x_it.o(i.MemManage_Handler)
    NMI_Handler                              0x080010bd   Thumb Code     2  stm32f10x_it.o(i.NMI_Handler)
    NVIC_Init                                0x080010c1   Thumb Code   100  misc.o(i.NVIC_Init)
    NVIC_PriorityGroupConfig                 0x08001131   Thumb Code    10  misc.o(i.NVIC_PriorityGroupConfig)
    PendSV_Handler                           0x08001145   Thumb Code     2  stm32f10x_it.o(i.PendSV_Handler)
    RCC_ADCCLKConfig                         0x08001149   Thumb Code    18  stm32f10x_rcc.o(i.RCC_ADCCLKConfig)
    RCC_AHBPeriphClockCmd                    0x08001161   Thumb Code    26  stm32f10x_rcc.o(i.RCC_AHBPeriphClockCmd)
    RCC_APB1PeriphClockCmd                   0x08001181   Thumb Code    26  stm32f10x_rcc.o(i.RCC_APB1PeriphClockCmd)
    RCC_APB2PeriphClockCmd                   0x080011a1   Thumb Code    26  stm32f10x_rcc.o(i.RCC_APB2PeriphClockCmd)
    RCC_Configuration                        0x080011c1   Thumb Code    80  main.o(i.RCC_Configuration)
    RCC_GetClocksFreq                        0x08001211   Thumb Code   192  stm32f10x_rcc.o(i.RCC_GetClocksFreq)
    Remo_CC_Mode                             0x080012e5   Thumb Code    68  control.o(i.Remo_CC_Mode)
    Remo_CV_Mode                             0x0800132d   Thumb Code    68  control.o(i.Remo_CV_Mode)
    SVC_Handler                              0x08001375   Thumb Code     2  stm32f10x_it.o(i.SVC_Handler)
    SysTick_Handler                          0x08001461   Thumb Code     2  stm32f10x_it.o(i.SysTick_Handler)
    SystemInit                               0x08001465   Thumb Code    78  system_stm32f10x.o(i.SystemInit)
    TIM2_IRQHandler                          0x080014c5   Thumb Code    26  stm32f10x_it.o(i.TIM2_IRQHandler)
    TIME2_Init                               0x080014df   Thumb Code    72  time.o(i.TIME2_Init)
    TIM_ClearITPendingBit                    0x08001527   Thumb Code     6  stm32f10x_tim.o(i.TIM_ClearITPendingBit)
    TIM_Cmd                                  0x0800152d   Thumb Code    24  stm32f10x_tim.o(i.TIM_Cmd)
    TIM_GetITStatus                          0x08001545   Thumb Code    34  stm32f10x_tim.o(i.TIM_GetITStatus)
    TIM_ITConfig                             0x08001567   Thumb Code    18  stm32f10x_tim.o(i.TIM_ITConfig)
    TIM_SelectOutputTrigger                  0x08001579   Thumb Code    18  stm32f10x_tim.o(i.TIM_SelectOutputTrigger)
    TIM_SetCounter                           0x0800158b   Thumb Code     4  stm32f10x_tim.o(i.TIM_SetCounter)
    TIM_TimeBaseInit                         0x08001591   Thumb Code   122  stm32f10x_tim.o(i.TIM_TimeBaseInit)
    USART1_IRQHandler                        0x08001635   Thumb Code    58  stm32f10x_it.o(i.USART1_IRQHandler)
    USART_ClearFlag                          0x08001675   Thumb Code    18  stm32f10x_usart.o(i.USART_ClearFlag)
    USART_ClearITPendingBit                  0x08001687   Thumb Code    30  stm32f10x_usart.o(i.USART_ClearITPendingBit)
    USART_Cmd                                0x080016a5   Thumb Code    24  stm32f10x_usart.o(i.USART_Cmd)
    USART_Configuration                      0x080016bd   Thumb Code    76  usart.o(i.USART_Configuration)
    USART_GPIO_Configuration                 0x0800170d   Thumb Code    54  usart.o(i.USART_GPIO_Configuration)
    USART_GetITStatus                        0x08001749   Thumb Code    84  stm32f10x_usart.o(i.USART_GetITStatus)
    USART_ITConfig                           0x0800179d   Thumb Code    74  stm32f10x_usart.o(i.USART_ITConfig)
    USART_Init                               0x080017e9   Thumb Code   210  stm32f10x_usart.o(i.USART_Init)
    USART_NVIC_Configuration                 0x080018c1   Thumb Code    40  usart.o(i.USART_NVIC_Configuration)
    USART_ReceiveData                        0x080018e9   Thumb Code    10  stm32f10x_usart.o(i.USART_ReceiveData)
    USART_SendData                           0x080018f3   Thumb Code     8  stm32f10x_usart.o(i.USART_SendData)
    UsageFault_Handler                       0x080018fb   Thumb Code     4  stm32f10x_it.o(i.UsageFault_Handler)
    control                                  0x08001901   Thumb Code   350  control.o(i.control)
    eMBEnable                                0x08001b25   Thumb Code    32  mb.o(i.eMBEnable)
    eMBFuncReadCoils                         0x08001b4d   Thumb Code   174  mbfunccoils.o(i.eMBFuncReadCoils)
    eMBFuncReadDiscreteInputs                0x08001bfb   Thumb Code   172  mbfuncdisc.o(i.eMBFuncReadDiscreteInputs)
    eMBFuncReadHoldingRegister               0x08001ca7   Thumb Code   140  mbfuncholding.o(i.eMBFuncReadHoldingRegister)
    eMBFuncReadInputRegister                 0x08001d33   Thumb Code   140  mbfuncinput.o(i.eMBFuncReadInputRegister)
    eMBFuncReadWriteMultipleHoldingRegister  0x08001dbf   Thumb Code   212  mbfuncholding.o(i.eMBFuncReadWriteMultipleHoldingRegister)
    eMBFuncReportSlaveID                     0x08001e95   Thumb Code    30  mbfuncother.o(i.eMBFuncReportSlaveID)
    eMBFuncWriteCoil                         0x08001ebd   Thumb Code   112  mbfunccoils.o(i.eMBFuncWriteCoil)
    eMBFuncWriteHoldingRegister              0x08001f2d   Thumb Code    66  mbfuncholding.o(i.eMBFuncWriteHoldingRegister)
    eMBFuncWriteMultipleCoils                0x08001f6f   Thumb Code   144  mbfunccoils.o(i.eMBFuncWriteMultipleCoils)
    eMBFuncWriteMultipleHoldingRegister      0x08001fff   Thumb Code   110  mbfuncholding.o(i.eMBFuncWriteMultipleHoldingRegister)
    eMBInit                                  0x0800206d   Thumb Code   152  mb.o(i.eMBInit)
    eMBPoll                                  0x0800214d   Thumb Code   258  mb.o(i.eMBPoll)
    eMBRTUInit                               0x08002279   Thumb Code    76  mbrtu.o(i.eMBRTUInit)
    eMBRTUReceive                            0x080022c9   Thumb Code    90  mbrtu.o(i.eMBRTUReceive)
    eMBRTUSend                               0x08002371   Thumb Code   116  mbrtu.o(i.eMBRTUSend)
    eMBRTUStart                              0x080023f9   Thumb Code    22  mbrtu.o(i.eMBRTUStart)
    eMBRTUStop                               0x08002415   Thumb Code    16  mbrtu.o(i.eMBRTUStop)
    eMBRegCoilsCB                            0x08002425   Thumb Code   146  myrtu.o(i.eMBRegCoilsCB)
    eMBRegDiscreteCB                         0x080024bd   Thumb Code    94  myrtu.o(i.eMBRegDiscreteCB)
    eMBRegHoldingCB                          0x08002521   Thumb Code   118  myrtu.o(i.eMBRegHoldingCB)
    eMBRegInputCB                            0x080025a1   Thumb Code    66  myrtu.o(i.eMBRegInputCB)
    main                                     0x0800268d   Thumb Code    90  main.o(i.main)
    prveMBError2Exception                    0x080026fd   Thumb Code    34  mbutils.o(i.prveMBError2Exception)
    prvvTIMERExpiredISR                      0x08002721   Thumb Code    10  porttimer.o(i.prvvTIMERExpiredISR)
    prvvUARTRxISR                            0x08002731   Thumb Code    10  portserial.o(i.prvvUARTRxISR)
    prvvUARTTxReadyISR                       0x08002741   Thumb Code    10  portserial.o(i.prvvUARTTxReadyISR)
    status_led_gpio_config                   0x08002751   Thumb Code    38  led.o(i.status_led_gpio_config)
    usMBCRC16                                0x0800277d   Thumb Code    48  mbcrc.o(i.usMBCRC16)
    vMBPortSerialEnable                      0x080027b5   Thumb Code    68  portserial.o(i.vMBPortSerialEnable)
    vMBPortTimersDisable                     0x080027fd   Thumb Code    42  porttimer.o(i.vMBPortTimersDisable)
    vMBPortTimersEnable                      0x08002827   Thumb Code    40  porttimer.o(i.vMBPortTimersEnable)
    xMBPortEventGet                          0x08002851   Thumb Code    26  portevent.o(i.xMBPortEventGet)
    xMBPortEventInit                         0x08002875   Thumb Code    10  portevent.o(i.xMBPortEventInit)
    xMBPortEventPost                         0x08002885   Thumb Code    16  portevent.o(i.xMBPortEventPost)
    xMBPortSerialGetByte                     0x0800289d   Thumb Code    16  portserial.o(i.xMBPortSerialGetByte)
    xMBPortSerialInit                        0x080028b1   Thumb Code    28  portserial.o(i.xMBPortSerialInit)
    xMBPortSerialPutByte                     0x080028cd   Thumb Code    16  portserial.o(i.xMBPortSerialPutByte)
    xMBPortTimersInit                        0x080028e1   Thumb Code    38  porttimer.o(i.xMBPortTimersInit)
    xMBRTUReceiveFSM                         0x08002909   Thumb Code   142  mbrtu.o(i.xMBRTUReceiveFSM)
    xMBRTUTimerT35Expired                    0x080029e1   Thumb Code    96  mbrtu.o(i.xMBRTUTimerT35Expired)
    xMBRTUTransmitFSM                        0x08002a65   Thumb Code   116  mbrtu.o(i.xMBRTUTransmitFSM)
    xMBUtilGetBits                           0x08002b21   Thumb Code    42  mbutils.o(i.xMBUtilGetBits)
    xMBUtilSetBits                           0x08002b4d   Thumb Code   104  mbutils.o(i.xMBUtilSetBits)
    Region$$Table$$Base                      0x08002e4c   Number         0  anon$$obj.o(Region$$Table)
    Region$$Table$$Limit                     0x08002e6c   Number         0  anon$$obj.o(Region$$Table)
    Flag                                     0x20000014   Data           2  main.o(.data)
    Status                                   0x20000016   Data           2  main.o(.data)
    Given                                    0x20000018   Data           2  main.o(.data)
    Io                                       0x2000001a   Data           2  main.o(.data)
    Uo                                       0x2000001c   Data           2  main.o(.data)
    Alarm                                    0x2000001e   Data           2  main.o(.data)
    Test                                     0x20000020   Data           1  main.o(.data)
    TestRun                                  0x20000021   Data           1  main.o(.data)
    ReceivedData                             0x20000022   Data           2  stm32f10x_it.o(.data)
    Loc_Remo_Flag                            0x20000024   Data           2  stm32f10x_it.o(.data)
    timer                                    0x20000026   Data           2  stm32f10x_it.o(.data)
    Tim                                      0x20000028   Data           2  stm32f10x_it.o(.data)
    Tim1                                     0x2000002a   Data           2  stm32f10x_it.o(.data)
    Loc_Run_Status                           0x2000002c   Data           2  control.o(.data)
    Remo_Run_Status                          0x2000002e   Data           2  control.o(.data)
    timer_bit                                0x20000030   Data           1  control.o(.data)
    U_giv                                    0x20000032   Data           2  control.o(.data)
    I_set                                    0x20000034   Data           2  control.o(.data)
    Remo_U_giv                               0x20000036   Data           2  control.o(.data)
    Remo_U_GIV_Value                         0x20000038   Data           4  control.o(.data)
    s                                        0x2000003c   Data           1  dma.o(.data)
    ADC_temp                                 0x2000003e   Data           2  dma.o(.data)
    ADC_Filted_Value                         0x20000040   Data           2  dma.o(.data)
    ADC_ConvertedValue                       0x20000044   Data           4  dma.o(.data)
    Given_temp                               0x20000048   Data           4  dma.o(.data)
    Io_Temp                                  0x2000004c   Data           4  dma.o(.data)
    Uo_Temp                                  0x20000050   Data           4  dma.o(.data)
    Given_value                              0x20000054   Data           2  dma.o(.data)
    Io_value                                 0x20000056   Data           2  dma.o(.data)
    Uo_value                                 0x20000058   Data           2  dma.o(.data)
    usRegInputStart                          0x2000005a   Data           2  myrtu.o(.data)
    usRegHoldingStart                        0x2000005c   Data           2  myrtu.o(.data)
    ucRegCoilsBuf                            0x2000005e   Data           2  myrtu.o(.data)
    ucRegDiscBuf                             0x20000060   Data           2  myrtu.o(.data)
    pxMBFrameCBByteReceived                  0x2000007c   Data           4  mb.o(.data)
    pxMBFrameCBTransmitterEmpty              0x20000080   Data           4  mb.o(.data)
    pxMBPortCBTimerExpired                   0x20000084   Data           4  mb.o(.data)
    pxMBFrameCBReceiveFSMCur                 0x20000088   Data           4  mb.o(.data)
    pxMBFrameCBTransmitFSMCur                0x2000008c   Data           4  mb.o(.data)
    ADC_Converter_Value                      0x2000012c   Data         300  dma.o(.bss)
    usRegInputBuf                            0x20000258   Data          14  myrtu.o(.bss)
    usRegHoldingBuf                          0x20000266   Data          14  myrtu.o(.bss)
    ucRTUBuf                                 0x20000274   Data         256  mbrtu.o(.bss)
    __libspace_start                         0x20000394   Data          96  libspace.o(.bss)
    __temporary_stack_top$libspace           0x200003f4   Data           0  libspace.o(.bss)



==============================================================================

Memory Map of the image

  Image Entry point : 0x08000131

  Load Region LR_IROM1 (Base: 0x08000000, Size: 0x00002f98, Max: 0x00040000, ABSOLUTE, COMPRESSED[0x00002ec8])

    Execution Region ER_IROM1 (Exec base: 0x08000000, Load base: 0x08000000, Size: 0x00002e6c, Max: 0x00040000, ABSOLUTE)

    Exec Addr    Load Addr    Size         Type   Attr      Idx    E Section Name        Object

    0x08000000   0x08000000   0x00000130   Data   RO            3    RESET               startup_stm32f10x_hd.o
    0x08000130   0x08000130   0x00000008   Code   RO         3989  * !!!main             c_w.l(__main.o)
    0x08000138   0x08000138   0x00000034   Code   RO         4158    !!!scatter          c_w.l(__scatter.o)
    0x0800016c   0x0800016c   0x0000005a   Code   RO         4156    !!dczerorl2         c_w.l(__dczerorl2.o)
    0x080001c6   0x080001c6   0x00000002   PAD
    0x080001c8   0x080001c8   0x0000001c   Code   RO         4160    !!handler_zi        c_w.l(__scatter_zi.o)
    0x080001e4   0x080001e4   0x00000002   Code   RO         4039    .ARM.Collect$$libinit$$00000000  c_w.l(libinit.o)
    0x080001e6   0x080001e6   0x00000000   Code   RO         4050    .ARM.Collect$$libinit$$00000002  c_w.l(libinit2.o)
    0x080001e6   0x080001e6   0x00000000   Code   RO         4052    .ARM.Collect$$libinit$$00000004  c_w.l(libinit2.o)
    0x080001e6   0x080001e6   0x00000000   Code   RO         4055    .ARM.Collect$$libinit$$0000000A  c_w.l(libinit2.o)
    0x080001e6   0x080001e6   0x00000000   Code   RO         4057    .ARM.Collect$$libinit$$0000000C  c_w.l(libinit2.o)
    0x080001e6   0x080001e6   0x00000000   Code   RO         4059    .ARM.Collect$$libinit$$0000000E  c_w.l(libinit2.o)
    0x080001e6   0x080001e6   0x00000000   Code   RO         4062    .ARM.Collect$$libinit$$00000011  c_w.l(libinit2.o)
    0x080001e6   0x080001e6   0x00000000   Code   RO         4064    .ARM.Collect$$libinit$$00000013  c_w.l(libinit2.o)
    0x080001e6   0x080001e6   0x00000000   Code   RO         4066    .ARM.Collect$$libinit$$00000015  c_w.l(libinit2.o)
    0x080001e6   0x080001e6   0x00000000   Code   RO         4068    .ARM.Collect$$libinit$$00000017  c_w.l(libinit2.o)
    0x080001e6   0x080001e6   0x00000000   Code   RO         4070    .ARM.Collect$$libinit$$00000019  c_w.l(libinit2.o)
    0x080001e6   0x080001e6   0x00000000   Code   RO         4072    .ARM.Collect$$libinit$$0000001B  c_w.l(libinit2.o)
    0x080001e6   0x080001e6   0x00000000   Code   RO         4074    .ARM.Collect$$libinit$$0000001D  c_w.l(libinit2.o)
    0x080001e6   0x080001e6   0x00000000   Code   RO         4076    .ARM.Collect$$libinit$$0000001F  c_w.l(libinit2.o)
    0x080001e6   0x080001e6   0x00000000   Code   RO         4078    .ARM.Collect$$libinit$$00000021  c_w.l(libinit2.o)
    0x080001e6   0x080001e6   0x00000000   Code   RO         4080    .ARM.Collect$$libinit$$00000023  c_w.l(libinit2.o)
    0x080001e6   0x080001e6   0x00000000   Code   RO         4082    .ARM.Collect$$libinit$$00000025  c_w.l(libinit2.o)
    0x080001e6   0x080001e6   0x00000000   Code   RO         4086    .ARM.Collect$$libinit$$0000002C  c_w.l(libinit2.o)
    0x080001e6   0x080001e6   0x00000000   Code   RO         4088    .ARM.Collect$$libinit$$0000002E  c_w.l(libinit2.o)
    0x080001e6   0x080001e6   0x00000000   Code   RO         4090    .ARM.Collect$$libinit$$00000030  c_w.l(libinit2.o)
    0x080001e6   0x080001e6   0x00000000   Code   RO         4092    .ARM.Collect$$libinit$$00000032  c_w.l(libinit2.o)
    0x080001e6   0x080001e6   0x00000002   Code   RO         4093    .ARM.Collect$$libinit$$00000033  c_w.l(libinit2.o)
    0x080001e8   0x080001e8   0x00000002   Code   RO         4129    .ARM.Collect$$libshutdown$$00000000  c_w.l(libshutdown.o)
    0x080001ea   0x080001ea   0x00000000   Code   RO         4139    .ARM.Collect$$libshutdown$$00000002  c_w.l(libshutdown2.o)
    0x080001ea   0x080001ea   0x00000000   Code   RO         4141    .ARM.Collect$$libshutdown$$00000004  c_w.l(libshutdown2.o)
    0x080001ea   0x080001ea   0x00000000   Code   RO         4144    .ARM.Collect$$libshutdown$$00000007  c_w.l(libshutdown2.o)
    0x080001ea   0x080001ea   0x00000000   Code   RO         4147    .ARM.Collect$$libshutdown$$0000000A  c_w.l(libshutdown2.o)
    0x080001ea   0x080001ea   0x00000000   Code   RO         4149    .ARM.Collect$$libshutdown$$0000000C  c_w.l(libshutdown2.o)
    0x080001ea   0x080001ea   0x00000000   Code   RO         4152    .ARM.Collect$$libshutdown$$0000000F  c_w.l(libshutdown2.o)
    0x080001ea   0x080001ea   0x00000002   Code   RO         4153    .ARM.Collect$$libshutdown$$00000010  c_w.l(libshutdown2.o)
    0x080001ec   0x080001ec   0x00000000   Code   RO         3991    .ARM.Collect$$rtentry$$00000000  c_w.l(__rtentry.o)
    0x080001ec   0x080001ec   0x00000000   Code   RO         4003    .ARM.Collect$$rtentry$$00000002  c_w.l(__rtentry2.o)
    0x080001ec   0x080001ec   0x00000006   Code   RO         4015    .ARM.Collect$$rtentry$$00000004  c_w.l(__rtentry4.o)
    0x080001f2   0x080001f2   0x00000000   Code   RO         4005    .ARM.Collect$$rtentry$$00000009  c_w.l(__rtentry2.o)
    0x080001f2   0x080001f2   0x00000004   Code   RO         4006    .ARM.Collect$$rtentry$$0000000A  c_w.l(__rtentry2.o)
    0x080001f6   0x080001f6   0x00000000   Code   RO         4008    .ARM.Collect$$rtentry$$0000000C  c_w.l(__rtentry2.o)
    0x080001f6   0x080001f6   0x00000008   Code   RO         4009    .ARM.Collect$$rtentry$$0000000D  c_w.l(__rtentry2.o)
    0x080001fe   0x080001fe   0x00000002   Code   RO         4043    .ARM.Collect$$rtexit$$00000000  c_w.l(rtexit.o)
    0x08000200   0x08000200   0x00000000   Code   RO         4095    .ARM.Collect$$rtexit$$00000002  c_w.l(rtexit2.o)
    0x08000200   0x08000200   0x00000004   Code   RO         4096    .ARM.Collect$$rtexit$$00000003  c_w.l(rtexit2.o)
    0x08000204   0x08000204   0x00000006   Code   RO         4097    .ARM.Collect$$rtexit$$00000004  c_w.l(rtexit2.o)
    0x0800020a   0x0800020a   0x00000002   PAD
    0x0800020c   0x0800020c   0x00000040   Code   RO            4    .text               startup_stm32f10x_hd.o
    0x0800024c   0x0800024c   0x00000080   Code   RO         3983    .text               c_w.l(assert.o)
    0x080002cc   0x080002cc   0x0000008a   Code   RO         3985    .text               c_w.l(rt_memcpy_v6.o)
    0x08000356   0x08000356   0x00000006   Code   RO         3987    .text               c_w.l(heapauxi.o)
    0x0800035c   0x0800035c   0x00000016   Code   RO         3992    .text               c_w.l(abort.o)
    0x08000372   0x08000372   0x00000014   Code   RO         3994    .text               c_w.l(assert_puts.o)
    0x08000386   0x08000386   0x00000064   Code   RO         3996    .text               c_w.l(rt_memcpy_w.o)
    0x080003ea   0x080003ea   0x0000000e   Code   RO         3998    .text               c_w.l(sys_wrch.o)
    0x080003f8   0x080003f8   0x0000000c   Code   RO         4000    .text               c_w.l(sys_exit.o)
    0x08000404   0x08000404   0x0000000e   Code   RO         4017    .text               c_w.l(defsig_abrt_outer.o)
    0x08000412   0x08000412   0x00000002   Code   RO         4021    .text               c_w.l(use_no_semi.o)
    0x08000414   0x08000414   0x00000000   Code   RO         4023    .text               c_w.l(indicate_semi.o)
    0x08000414   0x08000414   0x0000004a   Code   RO         4024    .text               c_w.l(sys_stackheap_outer.o)
    0x0800045e   0x0800045e   0x00000012   Code   RO         4028    .text               c_w.l(exit.o)
    0x08000470   0x08000470   0x0000000a   Code   RO         4030    .text               c_w.l(defsig_exit.o)
    0x0800047a   0x0800047a   0x00000002   PAD
    0x0800047c   0x0800047c   0x00000030   Code   RO         4032    .text               c_w.l(defsig_abrt_inner.o)
    0x080004ac   0x080004ac   0x00000008   Code   RO         4040    .text               c_w.l(libspace.o)
    0x080004b4   0x080004b4   0x00000032   Code   RO         4047    .text               c_w.l(defsig_general.o)
    0x080004e6   0x080004e6   0x00000016   Code   RO          183    i.ADC_Cmd           stm32f10x_adc.o
    0x080004fc   0x080004fc   0x0000001c   Code   RO         3405    i.ADC_Converter_Init  dma.o
    0x08000518   0x08000518   0x00000016   Code   RO          184    i.ADC_DMACmd        stm32f10x_adc.o
    0x0800052e   0x0800052e   0x00000002   PAD
    0x08000530   0x08000530   0x00000064   Code   RO         3406    i.ADC_DMA_CONFIG    dma.o
    0x08000594   0x08000594   0x00000014   Code   RO          191    i.ADC_GetCalibrationStatus  stm32f10x_adc.o
    0x080005a8   0x080005a8   0x00000014   Code   RO          197    i.ADC_GetResetCalibrationStatus  stm32f10x_adc.o
    0x080005bc   0x080005bc   0x00000050   Code   RO          201    i.ADC_Init          stm32f10x_adc.o
    0x0800060c   0x0800060c   0x000000a4   Code   RO         3383    i.ADC_Mode_Config   adc.o
    0x080006b0   0x080006b0   0x000000b8   Code   RO          205    i.ADC_RegularChannelConfig  stm32f10x_adc.o
    0x08000768   0x08000768   0x0000000a   Code   RO          206    i.ADC_ResetCalibration  stm32f10x_adc.o
    0x08000772   0x08000772   0x00000016   Code   RO          208    i.ADC_SoftwareStartConvCmd  stm32f10x_adc.o
    0x08000788   0x08000788   0x0000000a   Code   RO          210    i.ADC_StartCalibration  stm32f10x_adc.o
    0x08000792   0x08000792   0x00000002   PAD
    0x08000794   0x08000794   0x000000a4   Code   RO         3407    i.ADC_Value_Converter  dma.o
    0x08000838   0x08000838   0x0000004c   Code   RO         3384    i.ADCx_GPIO_CONFIG  adc.o
    0x08000884   0x08000884   0x0000000c   Code   RO         3385    i.ADCx_Init         adc.o
    0x08000890   0x08000890   0x0000001c   Code   RO         3455    i.AllUSART_Init     usart.o
    0x080008ac   0x080008ac   0x00000004   Code   RO         3198    i.BusFault_Handler  stm32f10x_it.o
    0x080008b0   0x080008b0   0x00000038   Code   RO         3313    i.CC_Mode           control.o
    0x080008e8   0x080008e8   0x00000038   Code   RO         3314    i.CV_Mode           control.o
    0x08000920   0x08000920   0x00000028   Code   RO          764    i.DAC_Cmd           stm32f10x_dac.o
    0x08000948   0x08000948   0x00000034   Code   RO          769    i.DAC_Init          stm32f10x_dac.o
    0x0800097c   0x0800097c   0x0000000c   Code   RO         3433    i.DAC_Init_Config   dac.o
    0x08000988   0x08000988   0x00000024   Code   RO          772    i.DAC_SetDualChannelData  stm32f10x_dac.o
    0x080009ac   0x080009ac   0x0000003a   Code   RO         3434    i.DAC_TIM_Config    dac.o
    0x080009e6   0x080009e6   0x00000018   Code   RO          868    i.DMA_Cmd           stm32f10x_dma.o
    0x080009fe   0x080009fe   0x00000002   PAD
    0x08000a00   0x08000a00   0x0000014c   Code   RO          869    i.DMA_DeInit        stm32f10x_dma.o
    0x08000b4c   0x08000b4c   0x0000003c   Code   RO          874    i.DMA_Init          stm32f10x_dma.o
    0x08000b88   0x08000b88   0x00000002   Code   RO         3199    i.DebugMon_Handler  stm32f10x_it.o
    0x08000b8a   0x08000b8a   0x00000002   PAD
    0x08000b8c   0x08000b8c   0x0000004c   Code   RO         3200    i.EXTI0_IRQHandler  stm32f10x_it.o
    0x08000bd8   0x08000bd8   0x00000048   Code   RO         3201    i.EXTI2_IRQHandler  stm32f10x_it.o
    0x08000c20   0x08000c20   0x0000004c   Code   RO         3202    i.EXTI3_IRQHandler  stm32f10x_it.o
    0x08000c6c   0x08000c6c   0x0000004c   Code   RO         3203    i.EXTI4_IRQHandler  stm32f10x_it.o
    0x08000cb8   0x08000cb8   0x0000000c   Code   RO          939    i.EXTI_ClearITPendingBit  stm32f10x_exti.o
    0x08000cc4   0x08000cc4   0x00000028   Code   RO          943    i.EXTI_GetITStatus  stm32f10x_exti.o
    0x08000cec   0x08000cec   0x00000094   Code   RO          944    i.EXTI_Init         stm32f10x_exti.o
    0x08000d80   0x08000d80   0x00000134   Code   RO         3366    i.EXTI_Key_Config   nvic.o
    0x08000eb4   0x08000eb4   0x00000090   Code   RO         3315    i.GET_Loc_GPIO      control.o
    0x08000f44   0x08000f44   0x00000040   Code   RO         1289    i.GPIO_EXTILineConfig  stm32f10x_gpio.o
    0x08000f84   0x08000f84   0x00000116   Code   RO         1292    i.GPIO_Init         stm32f10x_gpio.o
    0x0800109a   0x0800109a   0x00000012   Code   RO         1296    i.GPIO_ReadInputDataBit  stm32f10x_gpio.o
    0x080010ac   0x080010ac   0x00000004   Code   RO         1299    i.GPIO_ResetBits    stm32f10x_gpio.o
    0x080010b0   0x080010b0   0x00000004   Code   RO         1300    i.GPIO_SetBits      stm32f10x_gpio.o
    0x080010b4   0x080010b4   0x00000004   Code   RO         3204    i.HardFault_Handler  stm32f10x_it.o
    0x080010b8   0x080010b8   0x00000004   Code   RO         3205    i.MemManage_Handler  stm32f10x_it.o
    0x080010bc   0x080010bc   0x00000002   Code   RO         3206    i.NMI_Handler       stm32f10x_it.o
    0x080010be   0x080010be   0x00000002   PAD
    0x080010c0   0x080010c0   0x00000070   Code   RO          137    i.NVIC_Init         misc.o
    0x08001130   0x08001130   0x00000014   Code   RO          138    i.NVIC_PriorityGroupConfig  misc.o
    0x08001144   0x08001144   0x00000002   Code   RO         3207    i.PendSV_Handler    stm32f10x_it.o
    0x08001146   0x08001146   0x00000002   PAD
    0x08001148   0x08001148   0x00000018   Code   RO         1706    i.RCC_ADCCLKConfig  stm32f10x_rcc.o
    0x08001160   0x08001160   0x00000020   Code   RO         1707    i.RCC_AHBPeriphClockCmd  stm32f10x_rcc.o
    0x08001180   0x08001180   0x00000020   Code   RO         1708    i.RCC_APB1PeriphClockCmd  stm32f10x_rcc.o
    0x080011a0   0x080011a0   0x00000020   Code   RO         1710    i.RCC_APB2PeriphClockCmd  stm32f10x_rcc.o
    0x080011c0   0x080011c0   0x00000050   Code   RO         3108    i.RCC_Configuration  main.o
    0x08001210   0x08001210   0x000000d4   Code   RO         1718    i.RCC_GetClocksFreq  stm32f10x_rcc.o
    0x080012e4   0x080012e4   0x00000048   Code   RO         3316    i.Remo_CC_Mode      control.o
    0x0800132c   0x0800132c   0x00000048   Code   RO         3317    i.Remo_CV_Mode      control.o
    0x08001374   0x08001374   0x00000002   Code   RO         3208    i.SVC_Handler       stm32f10x_it.o
    0x08001376   0x08001376   0x00000008   Code   RO           24    i.SetSysClock       system_stm32f10x.o
    0x0800137e   0x0800137e   0x00000002   PAD
    0x08001380   0x08001380   0x000000e0   Code   RO           25    i.SetSysClockTo72   system_stm32f10x.o
    0x08001460   0x08001460   0x00000002   Code   RO         3209    i.SysTick_Handler   stm32f10x_it.o
    0x08001462   0x08001462   0x00000002   PAD
    0x08001464   0x08001464   0x00000060   Code   RO           27    i.SystemInit        system_stm32f10x.o
    0x080014c4   0x080014c4   0x0000001a   Code   RO         3210    i.TIM2_IRQHandler   stm32f10x_it.o
    0x080014de   0x080014de   0x00000048   Code   RO         3527    i.TIME2_Init        time.o
    0x08001526   0x08001526   0x00000006   Code   RO         2337    i.TIM_ClearITPendingBit  stm32f10x_tim.o
    0x0800152c   0x0800152c   0x00000018   Code   RO         2342    i.TIM_Cmd           stm32f10x_tim.o
    0x08001544   0x08001544   0x00000022   Code   RO         2363    i.TIM_GetITStatus   stm32f10x_tim.o
    0x08001566   0x08001566   0x00000012   Code   RO         2367    i.TIM_ITConfig      stm32f10x_tim.o
    0x08001578   0x08001578   0x00000012   Code   RO         2399    i.TIM_SelectOutputTrigger  stm32f10x_tim.o
    0x0800158a   0x0800158a   0x00000004   Code   RO         2407    i.TIM_SetCounter    stm32f10x_tim.o
    0x0800158e   0x0800158e   0x00000002   PAD
    0x08001590   0x08001590   0x000000a4   Code   RO         2413    i.TIM_TimeBaseInit  stm32f10x_tim.o
    0x08001634   0x08001634   0x00000040   Code   RO         3211    i.USART1_IRQHandler  stm32f10x_it.o
    0x08001674   0x08001674   0x00000012   Code   RO         2874    i.USART_ClearFlag   stm32f10x_usart.o
    0x08001686   0x08001686   0x0000001e   Code   RO         2875    i.USART_ClearITPendingBit  stm32f10x_usart.o
    0x080016a4   0x080016a4   0x00000018   Code   RO         2878    i.USART_Cmd         stm32f10x_usart.o
    0x080016bc   0x080016bc   0x00000050   Code   RO         3458    i.USART_Configuration  usart.o
    0x0800170c   0x0800170c   0x0000003c   Code   RO         3459    i.USART_GPIO_Configuration  usart.o
    0x08001748   0x08001748   0x00000054   Code   RO         2882    i.USART_GetITStatus  stm32f10x_usart.o
    0x0800179c   0x0800179c   0x0000004a   Code   RO         2884    i.USART_ITConfig    stm32f10x_usart.o
    0x080017e6   0x080017e6   0x00000002   PAD
    0x080017e8   0x080017e8   0x000000d8   Code   RO         2885    i.USART_Init        stm32f10x_usart.o
    0x080018c0   0x080018c0   0x00000028   Code   RO         3460    i.USART_NVIC_Configuration  usart.o
    0x080018e8   0x080018e8   0x0000000a   Code   RO         2892    i.USART_ReceiveData  stm32f10x_usart.o
    0x080018f2   0x080018f2   0x00000008   Code   RO         2895    i.USART_SendData    stm32f10x_usart.o
    0x080018fa   0x080018fa   0x00000004   Code   RO         3212    i.UsageFault_Handler  stm32f10x_it.o
    0x080018fe   0x080018fe   0x00000002   PAD
    0x08001900   0x08001900   0x000001a4   Code   RO         3318    i.control           control.o
    0x08001aa4   0x08001aa4   0x00000080   Code   RO         3435    i.dac_config        dac.o
    0x08001b24   0x08001b24   0x00000028   Code   RO         3590    i.eMBEnable         mb.o
    0x08001b4c   0x08001b4c   0x000000ae   Code   RO         3748    i.eMBFuncReadCoils  mbfunccoils.o
    0x08001bfa   0x08001bfa   0x000000ac   Code   RO         3775    i.eMBFuncReadDiscreteInputs  mbfuncdisc.o
    0x08001ca6   0x08001ca6   0x0000008c   Code   RO         3787    i.eMBFuncReadHoldingRegister  mbfuncholding.o
    0x08001d32   0x08001d32   0x0000008c   Code   RO         3817    i.eMBFuncReadInputRegister  mbfuncinput.o
    0x08001dbe   0x08001dbe   0x000000d4   Code   RO         3788    i.eMBFuncReadWriteMultipleHoldingRegister  mbfuncholding.o
    0x08001e92   0x08001e92   0x00000002   PAD
    0x08001e94   0x08001e94   0x00000028   Code   RO         3829    i.eMBFuncReportSlaveID  mbfuncother.o
    0x08001ebc   0x08001ebc   0x00000070   Code   RO         3749    i.eMBFuncWriteCoil  mbfunccoils.o
    0x08001f2c   0x08001f2c   0x00000042   Code   RO         3789    i.eMBFuncWriteHoldingRegister  mbfuncholding.o
    0x08001f6e   0x08001f6e   0x00000090   Code   RO         3750    i.eMBFuncWriteMultipleCoils  mbfunccoils.o
    0x08001ffe   0x08001ffe   0x0000006e   Code   RO         3790    i.eMBFuncWriteMultipleHoldingRegister  mbfuncholding.o
    0x0800206c   0x0800206c   0x000000e0   Code   RO         3591    i.eMBInit           mb.o
    0x0800214c   0x0800214c   0x0000012c   Code   RO         3592    i.eMBPoll           mb.o
    0x08002278   0x08002278   0x00000050   Code   RO         3680    i.eMBRTUInit        mbrtu.o
    0x080022c8   0x080022c8   0x000000a8   Code   RO         3681    i.eMBRTUReceive     mbrtu.o
    0x08002370   0x08002370   0x00000088   Code   RO         3682    i.eMBRTUSend        mbrtu.o
    0x080023f8   0x080023f8   0x0000001c   Code   RO         3683    i.eMBRTUStart       mbrtu.o
    0x08002414   0x08002414   0x00000010   Code   RO         3684    i.eMBRTUStop        mbrtu.o
    0x08002424   0x08002424   0x00000098   Code   RO         3551    i.eMBRegCoilsCB     myrtu.o
    0x080024bc   0x080024bc   0x00000064   Code   RO         3552    i.eMBRegDiscreteCB  myrtu.o
    0x08002520   0x08002520   0x00000080   Code   RO         3553    i.eMBRegHoldingCB   myrtu.o
    0x080025a0   0x080025a0   0x0000004c   Code   RO         3554    i.eMBRegInputCB     myrtu.o
    0x080025ec   0x080025ec   0x0000009e   Code   RO         3367    i.key_nvic_config   nvic.o
    0x0800268a   0x0800268a   0x00000002   PAD
    0x0800268c   0x0800268c   0x00000070   Code   RO         3110    i.main              main.o
    0x080026fc   0x080026fc   0x00000022   Code   RO         3850    i.prveMBError2Exception  mbutils.o
    0x0800271e   0x0800271e   0x00000002   PAD
    0x08002720   0x08002720   0x00000010   Code   RO         3951    i.prvvTIMERExpiredISR  porttimer.o
    0x08002730   0x08002730   0x00000010   Code   RO         3909    i.prvvUARTRxISR     portserial.o
    0x08002740   0x08002740   0x00000010   Code   RO         3910    i.prvvUARTTxReadyISR  portserial.o
    0x08002750   0x08002750   0x0000002c   Code   RO         3301    i.status_led_gpio_config  led.o
    0x0800277c   0x0800277c   0x00000038   Code   RO         3666    i.usMBCRC16         mbcrc.o
    0x080027b4   0x080027b4   0x00000048   Code   RO         3911    i.vMBPortSerialEnable  portserial.o
    0x080027fc   0x080027fc   0x0000002a   Code   RO         3952    i.vMBPortTimersDisable  porttimer.o
    0x08002826   0x08002826   0x00000028   Code   RO         3953    i.vMBPortTimersEnable  porttimer.o
    0x0800284e   0x0800284e   0x00000002   PAD
    0x08002850   0x08002850   0x00000024   Code   RO         3883    i.xMBPortEventGet   portevent.o
    0x08002874   0x08002874   0x00000010   Code   RO         3884    i.xMBPortEventInit  portevent.o
    0x08002884   0x08002884   0x00000018   Code   RO         3885    i.xMBPortEventPost  portevent.o
    0x0800289c   0x0800289c   0x00000014   Code   RO         3912    i.xMBPortSerialGetByte  portserial.o
    0x080028b0   0x080028b0   0x0000001c   Code   RO         3913    i.xMBPortSerialInit  portserial.o
    0x080028cc   0x080028cc   0x00000014   Code   RO         3914    i.xMBPortSerialPutByte  portserial.o
    0x080028e0   0x080028e0   0x00000026   Code   RO         3954    i.xMBPortTimersInit  porttimer.o
    0x08002906   0x08002906   0x00000002   PAD
    0x08002908   0x08002908   0x000000d8   Code   RO         3685    i.xMBRTUReceiveFSM  mbrtu.o
    0x080029e0   0x080029e0   0x00000084   Code   RO         3686    i.xMBRTUTimerT35Expired  mbrtu.o
    0x08002a64   0x08002a64   0x000000bc   Code   RO         3687    i.xMBRTUTransmitFSM  mbrtu.o
    0x08002b20   0x08002b20   0x0000002a   Code   RO         3851    i.xMBUtilGetBits    mbutils.o
    0x08002b4a   0x08002b4a   0x00000002   PAD
    0x08002b4c   0x08002b4c   0x0000009c   Code   RO         3852    i.xMBUtilSetBits    mbutils.o
    0x08002be8   0x08002be8   0x00000200   Data   RO         3667    .constdata          mbcrc.o
    0x08002de8   0x08002de8   0x00000063   Data   RO         3689    .conststring        mbrtu.o
    0x08002e4b   0x08002e4b   0x00000001   PAD
    0x08002e4c   0x08002e4c   0x00000020   Data   RO         4154    Region$$Table       anon$$obj.o


    Execution Region RW_IRAM1 (Exec base: 0x20000000, Load base: 0x08002e6c, Size: 0x000009f8, Max: 0x0000c000, ABSOLUTE, COMPRESSED[0x0000005c])

    Exec Addr    Load Addr    Size         Type   Attr      Idx    E Section Name        Object

    0x20000000   COMPRESSED   0x00000014   Data   RW         1738    .data               stm32f10x_rcc.o
    0x20000014   COMPRESSED   0x0000000e   Data   RW         3111    .data               main.o
    0x20000022   COMPRESSED   0x0000000a   Data   RW         3213    .data               stm32f10x_it.o
    0x2000002c   COMPRESSED   0x00000010   Data   RW         3319    .data               control.o
    0x2000003c   COMPRESSED   0x0000001e   Data   RW         3409    .data               dma.o
    0x2000005a   COMPRESSED   0x00000008   Data   RW         3556    .data               myrtu.o
    0x20000062   COMPRESSED   0x00000002   PAD
    0x20000064   COMPRESSED   0x000000b5   Data   RW         3594    .data               mb.o
    0x20000119   COMPRESSED   0x00000003   PAD
    0x2000011c   COMPRESSED   0x0000000c   Data   RW         3690    .data               mbrtu.o
    0x20000128   COMPRESSED   0x00000002   Data   RW         3832    .data               mbfuncother.o
    0x2000012a   COMPRESSED   0x00000002   Data   RW         3886    .data               portevent.o
    0x2000012c        -       0x0000012c   Zero   RW         3408    .bss                dma.o
    0x20000258        -       0x0000001c   Zero   RW         3555    .bss                myrtu.o
    0x20000274        -       0x00000100   Zero   RW         3688    .bss                mbrtu.o
    0x20000374        -       0x00000020   Zero   RW         3831    .bss                mbfuncother.o
    0x20000394        -       0x00000060   Zero   RW         4041    .bss                c_w.l(libspace.o)
    0x200003f4   COMPRESSED   0x00000004   PAD
    0x200003f8        -       0x00000200   Zero   RW            2    HEAP                startup_stm32f10x_hd.o
    0x200005f8        -       0x00000400   Zero   RW            1    STACK               startup_stm32f10x_hd.o


==============================================================================

Image component sizes


      Code (inc. data)   RO Data    RW Data    ZI Data      Debug   Object Name

       252         14          0          0          0       1496   adc.o
       820        120          0         16          0       4538   control.o
         0          0          0          0          0       4508   core_cm3.o
       198          4          0          0          0       1510   dac.o
       292         48          0         30        300       2622   dma.o
        44          6          0          0          0        517   led.o
       192         22          0         14          0       4741   main.o
       564        122          0        181          0       4788   mb.o
        56          8        512          0          0       1268   mbcrc.o
       430          0          0          0          0       3838   mbfunccoils.o
       172          0          0          0          0       1628   mbfuncdisc.o
       528          0          0          0          0       5091   mbfuncholding.o
       140          0          0          0          0       1587   mbfuncinput.o
        40         10          0          2         32       1427   mbfuncother.o
       964        290         99         12        256       6407   mbrtu.o
       232         52          0          0          0       2702   mbutils.o
       132         22          0          0          0       1731   misc.o
       456         32          0          8         28       4110   myrtu.o
       466         14          0          0          0       1286   nvic.o
        76         24          0          2          0       2164   portevent.o
       172         24          0          0          0       3837   portserial.o
       136          6          0          0          0       2063   porttimer.o
        64         26        304          0       1536        888   startup_stm32f10x_hd.o
       390         10          0          0          0       8017   stm32f10x_adc.o
       128         16          0          0          0       2734   stm32f10x_dac.o
       416          8          0          0          0       3678   stm32f10x_dma.o
       200         18          0          0          0       2372   stm32f10x_exti.o
       368          4          0          0          0       4646   stm32f10x_gpio.o
       416         44          0         10          0       7936   stm32f10x_it.o
       332         44          0         20          0       5961   stm32f10x_rcc.o
       268         42          0          0          0       5145   stm32f10x_tim.o
       464          6          0          0          0       7279   stm32f10x_usart.o
       328         28          0          0          0     276773   system_stm32f10x.o
        72          0          0          0          0        649   time.o
       208         10          0          0          0       2400   usart.o

    ----------------------------------------------------------------------
     10050       1074        948        300       2152     392337   Object Totals
         0          0         32          0          0          0   (incl. Generated)
        34          0          1          5          0          0   (incl. Padding)

    ----------------------------------------------------------------------

      Code (inc. data)   RO Data    RW Data    ZI Data      Debug   Library Member Name

        90          0          0          0          0          0   __dczerorl2.o
         8          0          0          0          0         68   __main.o
         0          0          0          0          0          0   __rtentry.o
        12          0          0          0          0          0   __rtentry2.o
         6          0          0          0          0          0   __rtentry4.o
        52          8          0          0          0          0   __scatter.o
        28          0          0          0          0          0   __scatter_zi.o
        22          0          0          0          0         80   abort.o
       128         42          0          0          0         76   assert.o
        20          0          0          0          0         76   assert_puts.o
        48         34          0          0          0         76   defsig_abrt_inner.o
        14          0          0          0          0         80   defsig_abrt_outer.o
        10          0          0          0          0         68   defsig_exit.o
        50          0          0          0          0         88   defsig_general.o
        18          0          0          0          0         80   exit.o
         6          0          0          0          0        152   heapauxi.o
         0          0          0          0          0          0   indicate_semi.o
         2          0          0          0          0          0   libinit.o
         2          0          0          0          0          0   libinit2.o
         2          0          0          0          0          0   libshutdown.o
         2          0          0          0          0          0   libshutdown2.o
         8          4          0          0         96         68   libspace.o
       138          0          0          0          0         68   rt_memcpy_v6.o
       100          0          0          0          0         80   rt_memcpy_w.o
         2          0          0          0          0          0   rtexit.o
        10          0          0          0          0          0   rtexit2.o
        12          4          0          0          0         68   sys_exit.o
        74          0          0          0          0         80   sys_stackheap_outer.o
        14          0          0          0          0         76   sys_wrch.o
         2          0          0          0          0         68   use_no_semi.o

    ----------------------------------------------------------------------
       886         92          0          0        100       1352   Library Totals
         6          0          0          0          4          0   (incl. Padding)

    ----------------------------------------------------------------------

      Code (inc. data)   RO Data    RW Data    ZI Data      Debug   Library Name

       880         92          0          0         96       1352   c_w.l

    ----------------------------------------------------------------------
       886         92          0          0        100       1352   Library Totals

    ----------------------------------------------------------------------

==============================================================================


      Code (inc. data)   RO Data    RW Data    ZI Data      Debug   

     10936       1166        948        300       2252     386457   Grand Totals
     10936       1166        948         92       2252     386457   ELF Image Totals (compressed)
     10936       1166        948         92          0          0   ROM Totals

==============================================================================

    Total RO  Size (Code + RO Data)                11884 (  11.61kB)
    Total RW  Size (RW Data + ZI Data)              2552 (   2.49kB)
    Total ROM Size (Code + RO Data + RW Data)      11976 (  11.70kB)

==============================================================================

